[games] shard 2/8: 1054 contests
2026-09-25 23:25:10,451 INFO sportsdataverse.mbb.mbb_ncaa_fetch: stats.ncaa.org terms gate -- accepting (one 10000 ms dwell)
2026-09-25 23:25:28,418 WARNING sportsdataverse.mbb.mbb_ncaa_fetch: stats.ncaa.org terms gate not accepted: https://stats.ncaa.org/contests/293178/play_by_play -- backing off 300 s (1/3)
2026-09-25 23:30:41,173 INFO sportsdataverse.mbb.mbb_ncaa_fetch: stats.ncaa.org terms gate -- accepting (one 10000 ms dwell)
2026-09-25 23:30:59,014 WARNING sportsdataverse.mbb.mbb_ncaa_fetch: stats.ncaa.org terms gate not accepted: https://stats.ncaa.org/contests/293178/play_by_play -- backing off 300 s (2/3)
2026-09-25 23:36:11,176 INFO sportsdataverse.mbb.mbb_ncaa_fetch: stats.ncaa.org terms gate -- accepting (one 10000 ms dwell)
2026-09-25 23:36:29,630 INFO sportsdataverse.mbb.mbb_ncaa_fetch: stats.ncaa.org terms gate -- accepting (one 10000 ms dwell)
2026-09-25 23:36:49,010 INFO sportsdataverse.mbb.mbb_ncaa_fetch: stats.ncaa.org terms gate -- accepting (one 10000 ms dwell)
2026-09-25 23:37:08,349 INFO sportsdataverse.mbb.mbb_ncaa_fetch: stats.ncaa.org terms gate -- accepting (one 10000 ms dwell)
2026-09-25 23:37:27,972 INFO sportsdataverse.mbb.mbb_ncaa_fetch: stats.ncaa.org terms gate -- accepting (one 10000 ms dwell)
2026-09-25 23:37:43,765 INFO sportsdataverse.mbb.mbb_ncaa_fetch: bm-verify not passed (413-byte response) -- re-solving, attempt 1/3
2026-09-25 23:37:52,132 INFO sportsdataverse.mbb.mbb_ncaa_fetch: bm-verify not passed (413-byte response) -- re-solving, attempt 2/3
2026-09-25 23:38:00,424 INFO sportsdataverse.mbb.mbb_ncaa_fetch: bm-verify not passed (413-byte response) -- re-solving, attempt 3/3
2026-09-25 23:38:00,425 DEBUG sportsdataverse.mbb.mbb_ncaa_fetch: transport error on http://<redacted>:<redacted>@us.decodo.com:10013: RuntimeError: bm-verify not passed after 3 attempts (413-byte response): https://stats.ncaa.org/contests/293205/situational_stats
2026-09-25 23:38:00,425 DEBUG sportsdataverse.mbb.mbb_ncaa_fetch: rotating proxy: transport error
2026-09-25 23:38:01,426 INFO sportsdataverse.mbb.mbb_ncaa_fetch: browser proxy rotated -> http://<redacted>:<redacted>@us.decodo.com:10014 (relaunching context)
2026-09-25 23:38:19,388 INFO sportsdataverse.mbb.mbb_ncaa_fetch: stats.ncaa.org terms gate -- accepting (one 10000 ms dwell)
2026-09-25 23:39:59,033 INFO sportsdataverse.mbb.mbb_ncaa_fetch: stats.ncaa.org terms gate -- accepting (one 10000 ms dwell)
2026-09-25 23:40:45,588 DEBUG sportsdataverse.mbb.mbb_ncaa_fetch: transport error on http://<redacted>:<redacted>@us.decodo.com:10014: Error: Page.evaluate: TypeError: Failed to fetch
    at eval (eval at evaluate (:303:30), <anonymous>:1:32)
    at UtilityScript.evaluate (<anonymous>:310:18)
    at UtilityScript.<anonymous> (<anonymous>:1:44)
2026-09-25 23:40:45,589 DEBUG sportsdataverse.mbb.mbb_ncaa_fetch: rotating proxy: transport error
2026-09-25 23:40:46,589 INFO sportsdataverse.mbb.mbb_ncaa_fetch: browser proxy rotated -> http://<redacted>:<redacted>@us.decodo.com:10015 (relaunching context)
2026-09-25 23:41:03,039 INFO sportsdataverse.mbb.mbb_ncaa_fetch: stats.ncaa.org terms gate -- accepting (one 10000 ms dwell)
2026-09-25 23:41:20,992 INFO sportsdataverse.mbb.mbb_ncaa_fetch: stats.ncaa.org terms gate -- accepting (one 10000 ms dwell)
2026-09-25 23:41:37,207 WARNING sportsdataverse.mbb.mbb_ncaa_fetch: stats.ncaa.org terms gate not accepted: https://stats.ncaa.org/contests/293239/play_by_play -- backing off 300 s (1/3)
2026-09-25 23:46:50,510 INFO sportsdataverse.mbb.mbb_ncaa_fetch: stats.ncaa.org terms gate -- accepting (one 10000 ms dwell)
2026-09-25 23:47:07,711 WARNING sportsdataverse.mbb.mbb_ncaa_fetch: stats.ncaa.org terms gate not accepted: https://stats.ncaa.org/contests/293239/play_by_play -- backing off 300 s (2/3)
2026-09-25 23:52:20,922 INFO sportsdataverse.mbb.mbb_ncaa_fetch: stats.ncaa.org terms gate -- accepting (one 10000 ms dwell)
2026-09-25 23:52:37,871 WARNING sportsdataverse.mbb.mbb_ncaa_fetch: stats.ncaa.org terms gate not accepted: https://stats.ncaa.org/contests/293239/play_by_play -- backing off 300 s (3/3)
2026-09-25 23:57:51,668 INFO sportsdataverse.mbb.mbb_ncaa_fetch: stats.ncaa.org terms gate -- accepting (one 10000 ms dwell)
2026-09-25 23:58:22,129 INFO sportsdataverse.mbb.mbb_ncaa_fetch: stats.ncaa.org terms gate -- accepting (one 10000 ms dwell)
2026-09-25 23:58:40,037 WARNING sportsdataverse.mbb.mbb_ncaa_fetch: stats.ncaa.org terms gate not accepted: https://stats.ncaa.org/contests/293251/play_by_play -- backing off 300 s (1/3)
=== 2026-09-26T04:07:08Z shard 2/4 ===
[games] shard 2/4: 2107 contests
2026-09-26 00:07:58,994 DEBUG sportsdataverse.mbb.mbb_ncaa_fetch: transport error on http://<redacted>:<redacted>@us.decodo.com:10026: Error: Page.goto: net::ERR_TIMED_OUT at https://stats.ncaa.org/contests/293212/play_by_play
Call log:
  - navigating to "https://stats.ncaa.org/contests/293212/play_by_play", waiting until "domcontentloaded"

2026-09-26 00:07:58,994 DEBUG sportsdataverse.mbb.mbb_ncaa_fetch: rotating proxy: transport error
2026-09-26 00:07:59,995 INFO sportsdataverse.mbb.mbb_ncaa_fetch: browser proxy rotated -> http://<redacted>:<redacted>@us.decodo.com:10027 (relaunching context)
2026-09-26 00:08:16,932 INFO sportsdataverse.mbb.mbb_ncaa_fetch: stats.ncaa.org terms gate -- accepting (one 10000 ms dwell)
2026-09-26 00:09:19,152 INFO sportsdataverse.mbb.mbb_ncaa_fetch: stats.ncaa.org terms gate -- accepting (one 10000 ms dwell)
2026-09-26 00:09:39,094 INFO sportsdataverse.mbb.mbb_ncaa_fetch: stats.ncaa.org terms gate -- accepting (one 10000 ms dwell)
2026-09-26 00:09:57,621 INFO sportsdataverse.mbb.mbb_ncaa_fetch: stats.ncaa.org terms gate -- accepting (one 10000 ms dwell)
2026-09-26 00:10:16,370 INFO sportsdataverse.mbb.mbb_ncaa_fetch: stats.ncaa.org terms gate -- accepting (one 10000 ms dwell)
2026-09-26 00:10:33,776 INFO sportsdataverse.mbb.mbb_ncaa_fetch: bm-verify not passed (412-byte response) -- re-solving, attempt 1/3
2026-09-26 00:10:42,100 INFO sportsdataverse.mbb.mbb_ncaa_fetch: bm-verify not passed (412-byte response) -- re-solving, attempt 2/3
2026-09-26 00:10:50,413 INFO sportsdataverse.mbb.mbb_ncaa_fetch: bm-verify not passed (412-byte response) -- re-solving, attempt 3/3
2026-09-26 00:10:50,414 DEBUG sportsdataverse.mbb.mbb_ncaa_fetch: transport error on http://<redacted>:<redacted>@us.decodo.com:10027: RuntimeError: bm-verify not passed after 3 attempts (412-byte response): https://stats.ncaa.org/contests/293246/play_by_play
2026-09-26 00:10:50,414 DEBUG sportsdataverse.mbb.mbb_ncaa_fetch: rotating proxy: transport error
2026-09-26 00:10:51,417 INFO sportsdataverse.mbb.mbb_ncaa_fetch: browser proxy rotated -> http://<redacted>:<redacted>@us.decodo.com:10028 (relaunching context)
2026-09-26 00:11:07,835 INFO sportsdataverse.mbb.mbb_ncaa_fetch: stats.ncaa.org terms gate -- accepting (one 10000 ms dwell)
2026-09-26 00:11:27,315 INFO sportsdataverse.mbb.mbb_ncaa_fetch: stats.ncaa.org terms gate -- accepting (one 10000 ms dwell)
2026-09-26 00:11:45,764 INFO sportsdataverse.mbb.mbb_ncaa_fetch: stats.ncaa.org terms gate -- accepting (one 10000 ms dwell)
2026-09-26 00:12:03,412 INFO sportsdataverse.mbb.mbb_ncaa_fetch: stats.ncaa.org terms gate -- accepting (one 10000 ms dwell)
2026-09-26 00:12:17,610 INFO sportsdataverse.mbb.mbb_ncaa_fetch: bm-verify not passed (412-byte response) -- re-solving, attempt 1/3
2026-09-26 00:12:25,892 INFO sportsdataverse.mbb.mbb_ncaa_fetch: bm-verify not passed (412-byte response) -- re-solving, attempt 2/3
2026-09-26 00:12:34,208 INFO sportsdataverse.mbb.mbb_ncaa_fetch: bm-verify not passed (412-byte response) -- re-solving, attempt 3/3
2026-09-26 00:12:34,209 DEBUG sportsdataverse.mbb.mbb_ncaa_fetch: transport error on http://<redacted>:<redacted>@us.decodo.com:10028: RuntimeError: bm-verify not passed after 3 attempts (412-byte response): https://stats.ncaa.org/contests/293255/play_by_play
2026-09-26 00:12:34,209 DEBUG sportsdataverse.mbb.mbb_ncaa_fetch: rotating proxy: transport error
2026-09-26 00:12:35,211 INFO sportsdataverse.mbb.mbb_ncaa_fetch: browser proxy rotated -> http://<redacted>:<redacted>@us.decodo.com:10029 (relaunching context)
2026-09-26 00:12:55,460 INFO sportsdataverse.mbb.mbb_ncaa_fetch: stats.ncaa.org terms gate -- accepting (one 10000 ms dwell)
2026-09-26 00:13:14,054 WARNING sportsdataverse.mbb.mbb_ncaa_fetch: stats.ncaa.org terms gate not accepted: https://stats.ncaa.org/contests/293255/play_by_play -- backing off 300 s (1/3)
2026-09-26 00:18:26,560 INFO sportsdataverse.mbb.mbb_ncaa_fetch: stats.ncaa.org terms gate -- accepting (one 10000 ms dwell)
2026-09-26 00:18:46,326 INFO sportsdataverse.mbb.mbb_ncaa_fetch: stats.ncaa.org terms gate -- accepting (one 10000 ms dwell)
2026-09-26 00:19:06,379 INFO sportsdataverse.mbb.mbb_ncaa_fetch: stats.ncaa.org terms gate -- accepting (one 10000 ms dwell)
2026-09-26 00:19:26,089 INFO sportsdataverse.mbb.mbb_ncaa_fetch: stats.ncaa.org terms gate -- accepting (one 10000 ms dwell)
2026-09-26 00:19:45,359 INFO sportsdataverse.mbb.mbb_ncaa_fetch: stats.ncaa.org terms gate -- accepting (one 10000 ms dwell)
2026-09-26 00:20:01,785 INFO sportsdataverse.mbb.mbb_ncaa_fetch: bm-verify not passed (411-byte response) -- re-solving, attempt 1/3
2026-09-26 00:20:10,321 INFO sportsdataverse.mbb.mbb_ncaa_fetch: bm-verify not passed (411-byte response) -- re-solving, attempt 2/3
2026-09-26 00:20:18,823 INFO sportsdataverse.mbb.mbb_ncaa_fetch: bm-verify not passed (411-byte response) -- re-solving, attempt 3/3
2026-09-26 00:20:18,824 DEBUG sportsdataverse.mbb.mbb_ncaa_fetch: transport error on http://<redacted>:<redacted>@us.decodo.com:10029: RuntimeError: bm-verify not passed after 3 attempts (411-byte response): https://stats.ncaa.org/contests/293269/situational_stats
2026-09-26 00:20:18,824 DEBUG sportsdataverse.mbb.mbb_ncaa_fetch: rotating proxy: transport error
2026-09-26 00:20:19,825 INFO sportsdataverse.mbb.mbb_ncaa_fetch: browser proxy rotated -> http://<redacted>:<redacted>@us.decodo.com:10030 (relaunching context)
2026-09-26 00:20:35,874 INFO sportsdataverse.mbb.mbb_ncaa_fetch: stats.ncaa.org terms gate -- accepting (one 10000 ms dwell)
2026-09-26 00:20:51,629 WARNING sportsdataverse.mbb.mbb_ncaa_fetch: stats.ncaa.org terms gate not accepted: https://stats.ncaa.org/contests/293269/situational_stats -- backing off 300 s (1/3)
2026-09-26 00:26:03,360 INFO sportsdataverse.mbb.mbb_ncaa_fetch: stats.ncaa.org terms gate -- accepting (one 10000 ms dwell)
2026-09-26 00:26:21,734 INFO sportsdataverse.mbb.mbb_ncaa_fetch: stats.ncaa.org terms gate -- accepting (one 10000 ms dwell)
2026-09-26 00:26:40,109 INFO sportsdataverse.mbb.mbb_ncaa_fetch: stats.ncaa.org terms gate -- accepting (one 10000 ms dwell)
2026-09-26 00:26:58,622 INFO sportsdataverse.mbb.mbb_ncaa_fetch: stats.ncaa.org terms gate -- accepting (one 10000 ms dwell)
2026-09-26 00:27:17,179 INFO sportsdataverse.mbb.mbb_ncaa_fetch: stats.ncaa.org terms gate -- accepting (one 10000 ms dwell)
2026-09-26 00:27:33,410 WARNING sportsdataverse.mbb.mbb_ncaa_fetch: stats.ncaa.org terms gate not accepted: https://stats.ncaa.org/contests/293311/box_score -- backing off 300 s (1/3)
2026-09-26 00:32:45,078 INFO sportsdataverse.mbb.mbb_ncaa_fetch: stats.ncaa.org terms gate -- accepting (one 10000 ms dwell)
2026-09-26 00:33:00,572 WARNING sportsdataverse.mbb.mbb_ncaa_fetch: stats.ncaa.org terms gate not accepted: https://stats.ncaa.org/contests/293311/box_score -- backing off 300 s (2/3)
2026-09-26 00:38:12,218 INFO sportsdataverse.mbb.mbb_ncaa_fetch: stats.ncaa.org terms gate -- accepting (one 10000 ms dwell)
2026-09-26 00:38:28,923 WARNING sportsdataverse.mbb.mbb_ncaa_fetch: stats.ncaa.org terms gate not accepted: https://stats.ncaa.org/contests/293311/box_score -- backing off 300 s (3/3)
2026-09-26 00:43:40,981 INFO sportsdataverse.mbb.mbb_ncaa_fetch: stats.ncaa.org terms gate -- accepting (one 10000 ms dwell)
2026-09-26 00:43:55,191 INFO sportsdataverse.mbb.mbb_ncaa_fetch: bm-verify not passed (406-byte response) -- re-solving, attempt 1/3
2026-09-26 00:44:03,569 INFO sportsdataverse.mbb.mbb_ncaa_fetch: bm-verify not passed (406-byte response) -- re-solving, attempt 2/3
2026-09-26 00:44:12,003 INFO sportsdataverse.mbb.mbb_ncaa_fetch: bm-verify not passed (406-byte response) -- re-solving, attempt 3/3
2026-09-26 00:44:12,003 DEBUG sportsdataverse.mbb.mbb_ncaa_fetch: transport error on http://<redacted>:<redacted>@us.decodo.com:10030: RuntimeError: bm-verify not passed after 3 attempts (406-byte response): https://stats.ncaa.org/contests/293311/team_stats
2026-09-26 00:44:12,003 DEBUG sportsdataverse.mbb.mbb_ncaa_fetch: rotating proxy: transport error
2026-09-26 00:44:13,004 INFO sportsdataverse.mbb.mbb_ncaa_fetch: browser proxy rotated -> http://<redacted>:<redacted>@us.decodo.com:10031 (relaunching context)
2026-09-26 00:44:30,807 INFO sportsdataverse.mbb.mbb_ncaa_fetch: stats.ncaa.org terms gate -- accepting (one 10000 ms dwell)
2026-09-26 00:44:46,803 WARNING sportsdataverse.mbb.mbb_ncaa_fetch: stats.ncaa.org terms gate not accepted: https://stats.ncaa.org/contests/293311/team_stats -- backing off 300 s (1/3)
2026-09-26 00:49:58,668 INFO sportsdataverse.mbb.mbb_ncaa_fetch: stats.ncaa.org terms gate -- accepting (one 10000 ms dwell)
2026-09-26 00:50:16,782 INFO sportsdataverse.mbb.mbb_ncaa_fetch: stats.ncaa.org terms gate -- accepting (one 10000 ms dwell)
2026-09-26 00:50:35,500 INFO sportsdataverse.mbb.mbb_ncaa_fetch: stats.ncaa.org terms gate -- accepting (one 10000 ms dwell)
2026-09-26 00:50:54,958 INFO sportsdataverse.mbb.mbb_ncaa_fetch: stats.ncaa.org terms gate -- accepting (one 10000 ms dwell)
2026-09-26 00:51:13,270 INFO sportsdataverse.mbb.mbb_ncaa_fetch: stats.ncaa.org terms gate -- accepting (one 10000 ms dwell)
2026-09-26 00:51:29,701 INFO sportsdataverse.mbb.mbb_ncaa_fetch: bm-verify not passed (405-byte response) -- re-solving, attempt 1/3
2026-09-26 00:51:38,174 INFO sportsdataverse.mbb.mbb_ncaa_fetch: bm-verify not passed (405-byte response) -- re-solving, attempt 2/3
2026-09-26 00:51:46,685 INFO sportsdataverse.mbb.mbb_ncaa_fetch: bm-verify not passed (405-byte response) -- re-solving, attempt 3/3
2026-09-26 00:51:46,685 DEBUG sportsdataverse.mbb.mbb_ncaa_fetch: transport error on http://<redacted>:<redacted>@us.decodo.com:10031: RuntimeError: bm-verify not passed after 3 attempts (405-byte response): https://stats.ncaa.org/contests/293329/box_score
2026-09-26 00:51:46,685 DEBUG sportsdataverse.mbb.mbb_ncaa_fetch: rotating proxy: transport error
2026-09-26 00:51:47,685 INFO sportsdataverse.mbb.mbb_ncaa_fetch: browser proxy rotated -> http://<redacted>:<redacted>@us.decodo.com:10032 (relaunching context)
2026-09-26 00:52:03,330 INFO sportsdataverse.mbb.mbb_ncaa_fetch: stats.ncaa.org terms gate -- accepting (one 10000 ms dwell)
2026-09-26 00:52:22,869 INFO sportsdataverse.mbb.mbb_ncaa_fetch: stats.ncaa.org terms gate -- accepting (one 10000 ms dwell)
2026-09-26 00:52:41,378 INFO sportsdataverse.mbb.mbb_ncaa_fetch: stats.ncaa.org terms gate -- accepting (one 10000 ms dwell)
2026-09-26 00:52:59,273 INFO sportsdataverse.mbb.mbb_ncaa_fetch: stats.ncaa.org terms gate -- accepting (one 10000 ms dwell)
2026-09-26 00:53:18,292 INFO sportsdataverse.mbb.mbb_ncaa_fetch: stats.ncaa.org terms gate -- accepting (one 10000 ms dwell)
2026-09-26 00:53:35,134 INFO sportsdataverse.mbb.mbb_ncaa_fetch: bm-verify not passed (405-byte response) -- re-solving, attempt 1/3
2026-09-26 00:53:43,591 INFO sportsdataverse.mbb.mbb_ncaa_fetch: bm-verify not passed (405-byte response) -- re-solving, attempt 2/3
2026-09-26 00:53:52,041 INFO sportsdataverse.mbb.mbb_ncaa_fetch: bm-verify not passed (405-byte response) -- re-solving, attempt 3/3
2026-09-26 00:53:52,042 DEBUG sportsdataverse.mbb.mbb_ncaa_fetch: transport error on http://<redacted>:<redacted>@us.decodo.com:10032: RuntimeError: bm-verify not passed after 3 attempts (405-byte response): https://stats.ncaa.org/contests/293373/box_score
2026-09-26 00:53:52,042 DEBUG sportsdataverse.mbb.mbb_ncaa_fetch: rotating proxy: transport error
2026-09-26 00:53:53,042 INFO sportsdataverse.mbb.mbb_ncaa_fetch: browser proxy rotated -> http://<redacted>:<redacted>@us.decodo.com:10033 (relaunching context)
2026-09-26 00:54:07,888 INFO sportsdataverse.mbb.mbb_ncaa_fetch: stats.ncaa.org terms gate -- accepting (one 10000 ms dwell)
2026-09-26 00:54:25,608 INFO sportsdataverse.mbb.mbb_ncaa_fetch: stats.ncaa.org terms gate -- accepting (one 10000 ms dwell)
2026-09-26 00:54:44,212 INFO sportsdataverse.mbb.mbb_ncaa_fetch: stats.ncaa.org terms gate -- accepting (one 10000 ms dwell)
2026-09-26 00:55:02,329 INFO sportsdataverse.mbb.mbb_ncaa_fetch: stats.ncaa.org terms gate -- accepting (one 10000 ms dwell)
2026-09-26 00:55:20,417 INFO sportsdataverse.mbb.mbb_ncaa_fetch: stats.ncaa.org terms gate -- accepting (one 10000 ms dwell)
2026-09-26 00:55:36,763 INFO sportsdataverse.mbb.mbb_ncaa_fetch: bm-verify not passed (403-byte response) -- re-solving, attempt 1/3
2026-09-26 00:55:44,983 INFO sportsdataverse.mbb.mbb_ncaa_fetch: bm-verify not passed (403-byte response) -- re-solving, attempt 2/3
2026-09-26 00:55:53,192 INFO sportsdataverse.mbb.mbb_ncaa_fetch: bm-verify not passed (403-byte response) -- re-solving, attempt 3/3
2026-09-26 00:55:53,192 DEBUG sportsdataverse.mbb.mbb_ncaa_fetch: transport error on http://<redacted>:<redacted>@us.decodo.com:10033: RuntimeError: bm-verify not passed after 3 attempts (403-byte response): https://stats.ncaa.org/contests/293392/box_score
2026-09-26 00:55:53,192 DEBUG sportsdataverse.mbb.mbb_ncaa_fetch: rotating proxy: transport error
2026-09-26 00:55:54,192 INFO sportsdataverse.mbb.mbb_ncaa_fetch: browser proxy rotated -> http://<redacted>:<redacted>@us.decodo.com:10034 (relaunching context)
2026-09-26 00:56:12,413 INFO sportsdataverse.mbb.mbb_ncaa_fetch: stats.ncaa.org terms gate -- accepting (one 10000 ms dwell)
2026-09-26 00:56:31,369 INFO sportsdataverse.mbb.mbb_ncaa_fetch: stats.ncaa.org terms gate -- accepting (one 10000 ms dwell)
2026-09-26 00:56:49,335 INFO sportsdataverse.mbb.mbb_ncaa_fetch: stats.ncaa.org terms gate -- accepting (one 10000 ms dwell)
2026-09-26 00:57:08,407 INFO sportsdataverse.mbb.mbb_ncaa_fetch: stats.ncaa.org terms gate -- accepting (one 10000 ms dwell)
2026-09-26 00:57:27,154 INFO sportsdataverse.mbb.mbb_ncaa_fetch: stats.ncaa.org terms gate -- accepting (one 10000 ms dwell)
2026-09-26 00:57:44,864 INFO sportsdataverse.mbb.mbb_ncaa_fetch: bm-verify not passed (403-byte response) -- re-solving, attempt 1/3
2026-09-26 00:57:53,084 INFO sportsdataverse.mbb.mbb_ncaa_fetch: bm-verify not passed (403-byte response) -- re-solving, attempt 2/3
2026-09-26 00:58:01,377 INFO sportsdataverse.mbb.mbb_ncaa_fetch: bm-verify not passed (403-byte response) -- re-solving, attempt 3/3
2026-09-26 00:58:01,377 DEBUG sportsdataverse.mbb.mbb_ncaa_fetch: transport error on http://<redacted>:<redacted>@us.decodo.com:10034: RuntimeError: bm-verify not passed after 3 attempts (403-byte response): https://stats.ncaa.org/contests/293410/box_score
2026-09-26 00:58:01,377 DEBUG sportsdataverse.mbb.mbb_ncaa_fetch: rotating proxy: transport error
2026-09-26 00:58:02,377 INFO sportsdataverse.mbb.mbb_ncaa_fetch: browser proxy rotated -> http://<redacted>:<redacted>@us.decodo.com:10035 (relaunching context)
2026-09-26 00:58:17,177 INFO sportsdataverse.mbb.mbb_ncaa_fetch: stats.ncaa.org terms gate -- accepting (one 10000 ms dwell)
2026-09-26 00:58:35,091 INFO sportsdataverse.mbb.mbb_ncaa_fetch: stats.ncaa.org terms gate -- accepting (one 10000 ms dwell)
2026-09-26 00:58:52,866 INFO sportsdataverse.mbb.mbb_ncaa_fetch: stats.ncaa.org terms gate -- accepting (one 10000 ms dwell)
2026-09-26 00:59:08,495 WARNING sportsdataverse.mbb.mbb_ncaa_fetch: stats.ncaa.org terms gate not accepted: https://stats.ncaa.org/contests/293415/team_stats -- backing off 300 s (1/3)
2026-09-26 01:04:21,216 INFO sportsdataverse.mbb.mbb_ncaa_fetch: stats.ncaa.org terms gate -- accepting (one 10000 ms dwell)
2026-09-26 01:04:38,757 INFO sportsdataverse.mbb.mbb_ncaa_fetch: bm-verify not passed (410-byte response) -- re-solving, attempt 1/3
2026-09-26 01:04:47,392 INFO sportsdataverse.mbb.mbb_ncaa_fetch: bm-verify not passed (410-byte response) -- re-solving, attempt 2/3
2026-09-26 01:04:56,012 INFO sportsdataverse.mbb.mbb_ncaa_fetch: bm-verify not passed (410-byte response) -- re-solving, attempt 3/3
2026-09-26 01:04:56,012 DEBUG sportsdataverse.mbb.mbb_ncaa_fetch: transport error on http://<redacted>:<redacted>@us.decodo.com:10035: RuntimeError: bm-verify not passed after 3 attempts (410-byte response): https://stats.ncaa.org/contests/293420/play_by_play
2026-09-26 01:04:56,012 DEBUG sportsdataverse.mbb.mbb_ncaa_fetch: rotating proxy: transport error
2026-09-26 01:04:57,012 INFO sportsdataverse.mbb.mbb_ncaa_fetch: browser proxy rotated -> http://<redacted>:<redacted>@us.decodo.com:10036 (relaunching context)
2026-09-26 01:05:14,653 INFO sportsdataverse.mbb.mbb_ncaa_fetch: stats.ncaa.org terms gate -- accepting (one 10000 ms dwell)
2026-09-26 01:05:32,471 WARNING sportsdataverse.mbb.mbb_ncaa_fetch: stats.ncaa.org terms gate not accepted: https://stats.ncaa.org/contests/293420/play_by_play -- backing off 300 s (1/3)
2026-09-26 01:10:45,804 INFO sportsdataverse.mbb.mbb_ncaa_fetch: stats.ncaa.org terms gate -- accepting (one 10000 ms dwell)
2026-09-26 01:11:03,445 WARNING sportsdataverse.mbb.mbb_ncaa_fetch: stats.ncaa.org terms gate not accepted: https://stats.ncaa.org/contests/293420/play_by_play -- backing off 300 s (2/3)
=== 2026-09-26T05:17:35Z shard 2/4 ===
[games] shard 2/4: 2107 contests
2026-09-26 01:17:59,614 INFO sportsdataverse.mbb.mbb_ncaa_fetch: stats.ncaa.org terms gate -- accepting (one 10000 ms dwell)
2026-09-26 01:18:17,620 INFO sportsdataverse.mbb.mbb_ncaa_fetch: stats.ncaa.org terms gate -- accepting (one 10000 ms dwell)
2026-09-26 01:18:36,043 INFO sportsdataverse.mbb.mbb_ncaa_fetch: stats.ncaa.org terms gate -- accepting (one 10000 ms dwell)
2026-09-26 01:18:53,018 INFO sportsdataverse.mbb.mbb_ncaa_fetch: stats.ncaa.org terms gate -- accepting (one 10000 ms dwell)
2026-09-26 01:19:10,515 INFO sportsdataverse.mbb.mbb_ncaa_fetch: stats.ncaa.org terms gate -- accepting (one 10000 ms dwell)
2026-09-26 01:19:26,219 INFO sportsdataverse.mbb.mbb_ncaa_fetch: bm-verify not passed (412-byte response) -- re-solving, attempt 1/3
2026-09-26 01:19:34,666 INFO sportsdataverse.mbb.mbb_ncaa_fetch: bm-verify not passed (412-byte response) -- re-solving, attempt 2/3
2026-09-26 01:19:43,051 INFO sportsdataverse.mbb.mbb_ncaa_fetch: bm-verify not passed (412-byte response) -- re-solving, attempt 3/3
2026-09-26 01:19:43,051 DEBUG sportsdataverse.mbb.mbb_ncaa_fetch: transport error on http://<redacted>:<redacted>@us.decodo.com:10026: RuntimeError: bm-verify not passed after 3 attempts (412-byte response): https://stats.ncaa.org/contests/293438/play_by_play
2026-09-26 01:19:43,051 DEBUG sportsdataverse.mbb.mbb_ncaa_fetch: rotating proxy: transport error
2026-09-26 01:19:44,052 INFO sportsdataverse.mbb.mbb_ncaa_fetch: browser proxy rotated -> http://<redacted>:<redacted>@us.decodo.com:10027 (relaunching context)
2026-09-26 01:20:01,120 INFO sportsdataverse.mbb.mbb_ncaa_fetch: stats.ncaa.org terms gate -- accepting (one 10000 ms dwell)
2026-09-26 01:20:24,657 INFO sportsdataverse.mbb.mbb_ncaa_fetch: stats.ncaa.org terms gate -- accepting (one 10000 ms dwell)
2026-09-26 01:20:45,975 INFO sportsdataverse.mbb.mbb_ncaa_fetch: stats.ncaa.org terms gate -- accepting (one 10000 ms dwell)
2026-09-26 01:21:06,824 INFO sportsdataverse.mbb.mbb_ncaa_fetch: stats.ncaa.org terms gate -- accepting (one 10000 ms dwell)
2026-09-26 01:21:26,676 INFO sportsdataverse.mbb.mbb_ncaa_fetch: stats.ncaa.org terms gate -- accepting (one 10000 ms dwell)
2026-09-26 01:21:43,893 WARNING sportsdataverse.mbb.mbb_ncaa_fetch: stats.ncaa.org terms gate not accepted: https://stats.ncaa.org/contests/293453/team_stats -- backing off 120 s (1/3)
2026-09-26 01:23:56,330 INFO sportsdataverse.mbb.mbb_ncaa_fetch: stats.ncaa.org terms gate -- accepting (one 10000 ms dwell)
2026-09-26 01:24:13,579 INFO sportsdataverse.mbb.mbb_ncaa_fetch: bm-verify not passed (411-byte response) -- re-solving, attempt 1/3
2026-09-26 01:24:22,710 INFO sportsdataverse.mbb.mbb_ncaa_fetch: bm-verify not passed (411-byte response) -- re-solving, attempt 2/3
2026-09-26 01:24:31,667 INFO sportsdataverse.mbb.mbb_ncaa_fetch: bm-verify not passed (411-byte response) -- re-solving, attempt 3/3
2026-09-26 01:24:31,667 DEBUG sportsdataverse.mbb.mbb_ncaa_fetch: transport error on http://<redacted>:<redacted>@us.decodo.com:10027: RuntimeError: bm-verify not passed after 3 attempts (411-byte response): https://stats.ncaa.org/contests/293453/situational_stats
2026-09-26 01:24:31,667 DEBUG sportsdataverse.mbb.mbb_ncaa_fetch: rotating proxy: transport error
2026-09-26 01:24:32,669 INFO sportsdataverse.mbb.mbb_ncaa_fetch: browser proxy rotated -> http://<redacted>:<redacted>@us.decodo.com:10028 (relaunching context)
2026-09-26 01:24:50,428 INFO sportsdataverse.mbb.mbb_ncaa_fetch: stats.ncaa.org terms gate -- accepting (one 10000 ms dwell)
2026-09-26 01:25:07,885 WARNING sportsdataverse.mbb.mbb_ncaa_fetch: stats.ncaa.org terms gate not accepted: https://stats.ncaa.org/contests/293453/situational_stats -- backing off 120 s (1/3)
2026-09-26 01:27:19,941 INFO sportsdataverse.mbb.mbb_ncaa_fetch: stats.ncaa.org terms gate -- accepting (one 10000 ms dwell)
2026-09-26 01:27:39,347 INFO sportsdataverse.mbb.mbb_ncaa_fetch: stats.ncaa.org terms gate -- accepting (one 10000 ms dwell)
2026-09-26 01:27:59,550 INFO sportsdataverse.mbb.mbb_ncaa_fetch: stats.ncaa.org terms gate -- accepting (one 10000 ms dwell)
2026-09-26 01:28:19,992 INFO sportsdataverse.mbb.mbb_ncaa_fetch: stats.ncaa.org terms gate -- accepting (one 10000 ms dwell)
2026-09-26 01:28:39,206 INFO sportsdataverse.mbb.mbb_ncaa_fetch: stats.ncaa.org terms gate -- accepting (one 10000 ms dwell)
2026-09-26 01:28:55,104 INFO sportsdataverse.mbb.mbb_ncaa_fetch: bm-verify not passed (412-byte response) -- re-solving, attempt 1/3
2026-09-26 01:29:03,508 INFO sportsdataverse.mbb.mbb_ncaa_fetch: bm-verify not passed (412-byte response) -- re-solving, attempt 2/3
2026-09-26 01:29:12,056 INFO sportsdataverse.mbb.mbb_ncaa_fetch: bm-verify not passed (412-byte response) -- re-solving, attempt 3/3
2026-09-26 01:29:12,056 DEBUG sportsdataverse.mbb.mbb_ncaa_fetch: transport error on http://<redacted>:<redacted>@us.decodo.com:10028: RuntimeError: bm-verify not passed after 3 attempts (412-byte response): https://stats.ncaa.org/contests/293469/individual_stats
2026-09-26 01:29:12,056 DEBUG sportsdataverse.mbb.mbb_ncaa_fetch: rotating proxy: transport error
2026-09-26 01:29:13,056 INFO sportsdataverse.mbb.mbb_ncaa_fetch: browser proxy rotated -> http://<redacted>:<redacted>@us.decodo.com:10029 (relaunching context)
2026-09-26 01:29:30,269 INFO sportsdataverse.mbb.mbb_ncaa_fetch: stats.ncaa.org terms gate -- accepting (one 10000 ms dwell)
2026-09-26 01:29:47,367 WARNING sportsdataverse.mbb.mbb_ncaa_fetch: stats.ncaa.org terms gate not accepted: https://stats.ncaa.org/contests/293469/individual_stats -- backing off 120 s (1/3)
2026-09-26 01:31:59,328 INFO sportsdataverse.mbb.mbb_ncaa_fetch: stats.ncaa.org terms gate -- accepting (one 10000 ms dwell)
2026-09-26 01:32:15,902 WARNING sportsdataverse.mbb.mbb_ncaa_fetch: stats.ncaa.org terms gate not accepted: https://stats.ncaa.org/contests/293469/individual_stats -- backing off 120 s (2/3)
2026-09-26 01:34:28,142 INFO sportsdataverse.mbb.mbb_ncaa_fetch: stats.ncaa.org terms gate -- accepting (one 10000 ms dwell)
2026-09-26 01:34:44,743 WARNING sportsdataverse.mbb.mbb_ncaa_fetch: stats.ncaa.org terms gate not accepted: https://stats.ncaa.org/contests/293469/individual_stats -- backing off 120 s (3/3)
2026-09-26 01:36:56,788 INFO sportsdataverse.mbb.mbb_ncaa_fetch: stats.ncaa.org terms gate -- accepting (one 10000 ms dwell)
2026-09-26 01:37:24,385 INFO sportsdataverse.mbb.mbb_ncaa_fetch: stats.ncaa.org terms gate -- accepting (one 10000 ms dwell)
2026-09-26 01:37:41,117 WARNING sportsdataverse.mbb.mbb_ncaa_fetch: stats.ncaa.org terms gate not accepted: https://stats.ncaa.org/contests/293469/situational_stats -- backing off 120 s (1/3)
2026-09-26 01:39:52,816 INFO sportsdataverse.mbb.mbb_ncaa_fetch: stats.ncaa.org terms gate -- accepting (one 10000 ms dwell)
2026-09-26 01:40:07,829 WARNING sportsdataverse.mbb.mbb_ncaa_fetch: stats.ncaa.org terms gate not accepted: https://stats.ncaa.org/contests/293469/situational_stats -- backing off 120 s (2/3)
2026-09-26 01:42:19,405 INFO sportsdataverse.mbb.mbb_ncaa_fetch: stats.ncaa.org terms gate -- accepting (one 10000 ms dwell)
2026-09-26 01:42:34,940 WARNING sportsdataverse.mbb.mbb_ncaa_fetch: stats.ncaa.org terms gate not accepted: https://stats.ncaa.org/contests/293469/situational_stats -- backing off 120 s (3/3)
2026-09-26 01:44:46,105 INFO sportsdataverse.mbb.mbb_ncaa_fetch: stats.ncaa.org terms gate -- accepting (one 10000 ms dwell)
2026-09-26 01:45:11,974 INFO sportsdataverse.mbb.mbb_ncaa_fetch: stats.ncaa.org terms gate -- accepting (one 10000 ms dwell)
2026-09-26 01:45:29,368 INFO sportsdataverse.mbb.mbb_ncaa_fetch: stats.ncaa.org terms gate -- accepting (one 10000 ms dwell)
2026-09-26 01:45:47,551 INFO sportsdataverse.mbb.mbb_ncaa_fetch: stats.ncaa.org terms gate -- accepting (one 10000 ms dwell)
2026-09-26 01:46:04,446 INFO sportsdataverse.mbb.mbb_ncaa_fetch: stats.ncaa.org terms gate -- accepting (one 10000 ms dwell)
2026-09-26 01:46:21,651 INFO sportsdataverse.mbb.mbb_ncaa_fetch: stats.ncaa.org terms gate -- accepting (one 10000 ms dwell)
2026-09-26 01:46:38,187 INFO sportsdataverse.mbb.mbb_ncaa_fetch: bm-verify not passed (412-byte response) -- re-solving, attempt 1/3
2026-09-26 01:46:46,523 INFO sportsdataverse.mbb.mbb_ncaa_fetch: bm-verify not passed (412-byte response) -- re-solving, attempt 2/3
2026-09-26 01:46:54,851 INFO sportsdataverse.mbb.mbb_ncaa_fetch: bm-verify not passed (412-byte response) -- re-solving, attempt 3/3
2026-09-26 01:46:54,851 DEBUG sportsdataverse.mbb.mbb_ncaa_fetch: transport error on http://<redacted>:<redacted>@us.decodo.com:10029: RuntimeError: bm-verify not passed after 3 attempts (412-byte response): https://stats.ncaa.org/contests/293491/play_by_play
2026-09-26 01:46:54,851 DEBUG sportsdataverse.mbb.mbb_ncaa_fetch: rotating proxy: transport error
2026-09-26 01:46:55,852 INFO sportsdataverse.mbb.mbb_ncaa_fetch: browser proxy rotated -> http://<redacted>:<redacted>@us.decodo.com:10030 (relaunching context)
2026-09-26 01:47:11,990 INFO sportsdataverse.mbb.mbb_ncaa_fetch: stats.ncaa.org terms gate -- accepting (one 10000 ms dwell)
2026-09-26 01:47:30,354 INFO sportsdataverse.mbb.mbb_ncaa_fetch: stats.ncaa.org terms gate -- accepting (one 10000 ms dwell)
2026-09-26 01:47:49,294 INFO sportsdataverse.mbb.mbb_ncaa_fetch: stats.ncaa.org terms gate -- accepting (one 10000 ms dwell)
2026-09-26 01:48:07,367 INFO sportsdataverse.mbb.mbb_ncaa_fetch: stats.ncaa.org terms gate -- accepting (one 10000 ms dwell)
2026-09-26 01:48:25,688 INFO sportsdataverse.mbb.mbb_ncaa_fetch: stats.ncaa.org terms gate -- accepting (one 10000 ms dwell)
2026-09-26 01:48:42,429 INFO sportsdataverse.mbb.mbb_ncaa_fetch: bm-verify not passed (412-byte response) -- re-solving, attempt 1/3
2026-09-26 01:48:50,660 INFO sportsdataverse.mbb.mbb_ncaa_fetch: bm-verify not passed (412-byte response) -- re-solving, attempt 2/3
2026-09-26 01:48:58,859 INFO sportsdataverse.mbb.mbb_ncaa_fetch: bm-verify not passed (412-byte response) -- re-solving, attempt 3/3
2026-09-26 01:48:58,860 DEBUG sportsdataverse.mbb.mbb_ncaa_fetch: transport error on http://<redacted>:<redacted>@us.decodo.com:10030: RuntimeError: bm-verify not passed after 3 attempts (412-byte response): https://stats.ncaa.org/contests/293524/play_by_play
2026-09-26 01:48:58,860 DEBUG sportsdataverse.mbb.mbb_ncaa_fetch: rotating proxy: transport error
2026-09-26 01:48:59,860 INFO sportsdataverse.mbb.mbb_ncaa_fetch: browser proxy rotated -> http://<redacted>:<redacted>@us.decodo.com:10031 (relaunching context)
2026-09-26 01:49:18,703 INFO sportsdataverse.mbb.mbb_ncaa_fetch: stats.ncaa.org terms gate -- accepting (one 10000 ms dwell)
2026-09-26 01:49:44,621 INFO sportsdataverse.mbb.mbb_ncaa_fetch: stats.ncaa.org terms gate -- accepting (one 10000 ms dwell)
=== 2026-09-26T05:52:03Z shard 2/4 ===
[games] shard 2/4: 2107 contests
2026-09-26 01:52:27,055 INFO sportsdataverse.mbb.mbb_ncaa_fetch: stats.ncaa.org terms gate -- accepting (one 10000 ms dwell)
2026-09-26 01:52:46,391 INFO sportsdataverse.mbb.mbb_ncaa_fetch: stats.ncaa.org terms gate -- accepting (one 10000 ms dwell)
2026-09-26 01:53:06,408 INFO sportsdataverse.mbb.mbb_ncaa_fetch: stats.ncaa.org terms gate -- accepting (one 10000 ms dwell)
2026-09-26 01:53:24,741 INFO sportsdataverse.mbb.mbb_ncaa_fetch: stats.ncaa.org terms gate -- accepting (one 10000 ms dwell)
2026-09-26 01:53:41,468 WARNING sportsdataverse.mbb.mbb_ncaa_fetch: stats.ncaa.org terms gate not accepted: https://stats.ncaa.org/contests/293529/situational_stats -- backing off 300 s (1/3)
2026-09-26 01:58:54,115 INFO sportsdataverse.mbb.mbb_ncaa_fetch: stats.ncaa.org terms gate -- accepting (one 10000 ms dwell)
2026-09-26 01:59:12,782 INFO sportsdataverse.mbb.mbb_ncaa_fetch: stats.ncaa.org terms gate -- accepting (one 10000 ms dwell)
2026-09-26 01:59:29,831 INFO sportsdataverse.mbb.mbb_ncaa_fetch: bm-verify not passed (413-byte response) -- re-solving, attempt 1/3
2026-09-26 01:59:38,529 INFO sportsdataverse.mbb.mbb_ncaa_fetch: bm-verify not passed (413-byte response) -- re-solving, attempt 2/3
2026-09-26 01:59:47,156 INFO sportsdataverse.mbb.mbb_ncaa_fetch: bm-verify not passed (413-byte response) -- re-solving, attempt 3/3
2026-09-26 01:59:47,156 DEBUG sportsdataverse.mbb.mbb_ncaa_fetch: transport error on http://<redacted>:<redacted>@us.decodo.com:10026: RuntimeError: bm-verify not passed after 3 attempts (413-byte response): https://stats.ncaa.org/contests/293533/situational_stats
2026-09-26 01:59:47,156 DEBUG sportsdataverse.mbb.mbb_ncaa_fetch: rotating proxy: transport error
2026-09-26 01:59:48,157 INFO sportsdataverse.mbb.mbb_ncaa_fetch: browser proxy rotated -> http://<redacted>:<redacted>@us.decodo.com:10027 (relaunching context)
2026-09-26 02:00:03,991 INFO sportsdataverse.mbb.mbb_ncaa_fetch: stats.ncaa.org terms gate -- accepting (one 10000 ms dwell)
2026-09-26 02:00:20,270 WARNING sportsdataverse.mbb.mbb_ncaa_fetch: stats.ncaa.org terms gate not accepted: https://stats.ncaa.org/contests/293533/situational_stats -- backing off 300 s (1/3)
2026-09-26 02:05:32,362 INFO sportsdataverse.mbb.mbb_ncaa_fetch: stats.ncaa.org terms gate -- accepting (one 10000 ms dwell)
2026-09-26 02:05:48,261 WARNING sportsdataverse.mbb.mbb_ncaa_fetch: stats.ncaa.org terms gate not accepted: https://stats.ncaa.org/contests/293533/situational_stats -- backing off 300 s (2/3)
2026-09-26 02:11:00,509 INFO sportsdataverse.mbb.mbb_ncaa_fetch: stats.ncaa.org terms gate -- accepting (one 10000 ms dwell)
2026-09-26 02:11:16,612 WARNING sportsdataverse.mbb.mbb_ncaa_fetch: stats.ncaa.org terms gate not accepted: https://stats.ncaa.org/contests/293533/situational_stats -- backing off 300 s (3/3)
2026-09-26 02:16:30,445 INFO sportsdataverse.mbb.mbb_ncaa_fetch: stats.ncaa.org terms gate -- accepting (one 10000 ms dwell)
2026-09-26 02:16:57,620 INFO sportsdataverse.mbb.mbb_ncaa_fetch: stats.ncaa.org terms gate -- accepting (one 10000 ms dwell)
2026-09-26 02:17:13,807 WARNING sportsdataverse.mbb.mbb_ncaa_fetch: stats.ncaa.org terms gate not accepted: https://stats.ncaa.org/contests/293539/play_by_play -- backing off 300 s (1/3)
2026-09-26 02:22:22,841 INFO sportsdataverse.mbb.mbb_ncaa_fetch: bm-verify not passed (410-byte response) -- re-solving, attempt 1/3
2026-09-26 02:22:31,425 INFO sportsdataverse.mbb.mbb_ncaa_fetch: bm-verify not passed (410-byte response) -- re-solving, attempt 2/3
2026-09-26 02:22:40,024 INFO sportsdataverse.mbb.mbb_ncaa_fetch: bm-verify not passed (410-byte response) -- re-solving, attempt 3/3
2026-09-26 02:22:40,024 DEBUG sportsdataverse.mbb.mbb_ncaa_fetch: transport error on http://<redacted>:<redacted>@us.decodo.com:10027: RuntimeError: bm-verify not passed after 3 attempts (410-byte response): https://stats.ncaa.org/contests/293539/play_by_play
2026-09-26 02:22:40,024 DEBUG sportsdataverse.mbb.mbb_ncaa_fetch: rotating proxy: transport error
2026-09-26 02:22:41,024 INFO sportsdataverse.mbb.mbb_ncaa_fetch: browser proxy rotated -> http://<redacted>:<redacted>@us.decodo.com:10028 (relaunching context)
2026-09-26 02:22:57,935 INFO sportsdataverse.mbb.mbb_ncaa_fetch: stats.ncaa.org terms gate -- accepting (one 10000 ms dwell)
2026-09-26 02:23:14,991 WARNING sportsdataverse.mbb.mbb_ncaa_fetch: stats.ncaa.org terms gate not accepted: https://stats.ncaa.org/contests/293539/play_by_play -- backing off 300 s (2/3)
2026-09-26 02:28:27,538 INFO sportsdataverse.mbb.mbb_ncaa_fetch: stats.ncaa.org terms gate -- accepting (one 10000 ms dwell)
2026-09-26 02:28:46,461 INFO sportsdataverse.mbb.mbb_ncaa_fetch: stats.ncaa.org terms gate -- accepting (one 10000 ms dwell)
2026-09-26 02:29:06,122 INFO sportsdataverse.mbb.mbb_ncaa_fetch: stats.ncaa.org terms gate -- accepting (one 10000 ms dwell)
2026-09-26 02:29:25,971 INFO sportsdataverse.mbb.mbb_ncaa_fetch: stats.ncaa.org terms gate -- accepting (one 10000 ms dwell)
2026-09-26 02:29:46,095 INFO sportsdataverse.mbb.mbb_ncaa_fetch: stats.ncaa.org terms gate -- accepting (one 10000 ms dwell)
2026-09-26 02:30:02,955 INFO sportsdataverse.mbb.mbb_ncaa_fetch: bm-verify not passed (411-byte response) -- re-solving, attempt 1/3
2026-09-26 02:30:11,503 INFO sportsdataverse.mbb.mbb_ncaa_fetch: bm-verify not passed (411-byte response) -- re-solving, attempt 2/3
2026-09-26 02:30:19,936 INFO sportsdataverse.mbb.mbb_ncaa_fetch: bm-verify not passed (411-byte response) -- re-solving, attempt 3/3
2026-09-26 02:30:19,936 DEBUG sportsdataverse.mbb.mbb_ncaa_fetch: transport error on http://<redacted>:<redacted>@us.decodo.com:10028: RuntimeError: bm-verify not passed after 3 attempts (411-byte response): https://stats.ncaa.org/contests/293549/situational_stats
2026-09-26 02:30:19,936 DEBUG sportsdataverse.mbb.mbb_ncaa_fetch: rotating proxy: transport error
2026-09-26 02:30:20,937 INFO sportsdataverse.mbb.mbb_ncaa_fetch: browser proxy rotated -> http://<redacted>:<redacted>@us.decodo.com:10029 (relaunching context)
2026-09-26 02:30:38,368 INFO sportsdataverse.mbb.mbb_ncaa_fetch: stats.ncaa.org terms gate -- accepting (one 10000 ms dwell)
2026-09-26 02:30:58,661 INFO sportsdataverse.mbb.mbb_ncaa_fetch: stats.ncaa.org terms gate -- accepting (one 10000 ms dwell)
2026-09-26 02:31:18,422 INFO sportsdataverse.mbb.mbb_ncaa_fetch: stats.ncaa.org terms gate -- accepting (one 10000 ms dwell)
2026-09-26 02:31:37,996 INFO sportsdataverse.mbb.mbb_ncaa_fetch: stats.ncaa.org terms gate -- accepting (one 10000 ms dwell)
2026-09-26 02:31:56,842 INFO sportsdataverse.mbb.mbb_ncaa_fetch: stats.ncaa.org terms gate -- accepting (one 10000 ms dwell)
2026-09-26 02:32:13,941 INFO sportsdataverse.mbb.mbb_ncaa_fetch: bm-verify not passed (413-byte response) -- re-solving, attempt 1/3
2026-09-26 02:32:22,347 INFO sportsdataverse.mbb.mbb_ncaa_fetch: bm-verify not passed (413-byte response) -- re-solving, attempt 2/3
2026-09-26 02:32:30,752 INFO sportsdataverse.mbb.mbb_ncaa_fetch: bm-verify not passed (413-byte response) -- re-solving, attempt 3/3
2026-09-26 02:32:30,752 DEBUG sportsdataverse.mbb.mbb_ncaa_fetch: transport error on http://<redacted>:<redacted>@us.decodo.com:10029: RuntimeError: bm-verify not passed after 3 attempts (413-byte response): https://stats.ncaa.org/contests/293569/situational_stats
2026-09-26 02:32:30,753 DEBUG sportsdataverse.mbb.mbb_ncaa_fetch: rotating proxy: transport error
2026-09-26 02:32:31,753 INFO sportsdataverse.mbb.mbb_ncaa_fetch: browser proxy rotated -> http://<redacted>:<redacted>@us.decodo.com:10030 (relaunching context)
2026-09-26 02:32:47,647 INFO sportsdataverse.mbb.mbb_ncaa_fetch: stats.ncaa.org terms gate -- accepting (one 10000 ms dwell)
2026-09-26 02:33:06,792 INFO sportsdataverse.mbb.mbb_ncaa_fetch: stats.ncaa.org terms gate -- accepting (one 10000 ms dwell)
2026-09-26 02:33:25,089 INFO sportsdataverse.mbb.mbb_ncaa_fetch: stats.ncaa.org terms gate -- accepting (one 10000 ms dwell)
2026-09-26 02:33:43,962 INFO sportsdataverse.mbb.mbb_ncaa_fetch: stats.ncaa.org terms gate -- accepting (one 10000 ms dwell)
2026-09-26 02:34:04,246 INFO sportsdataverse.mbb.mbb_ncaa_fetch: stats.ncaa.org terms gate -- accepting (one 10000 ms dwell)
2026-09-26 02:34:21,584 INFO sportsdataverse.mbb.mbb_ncaa_fetch: bm-verify not passed (411-byte response) -- re-solving, attempt 1/3
2026-09-26 02:34:29,855 INFO sportsdataverse.mbb.mbb_ncaa_fetch: bm-verify not passed (411-byte response) -- re-solving, attempt 2/3
2026-09-26 02:34:38,147 INFO sportsdataverse.mbb.mbb_ncaa_fetch: bm-verify not passed (411-byte response) -- re-solving, attempt 3/3
2026-09-26 02:34:38,148 DEBUG sportsdataverse.mbb.mbb_ncaa_fetch: transport error on http://<redacted>:<redacted>@us.decodo.com:10030: RuntimeError: bm-verify not passed after 3 attempts (411-byte response): https://stats.ncaa.org/contests/293587/situational_stats
2026-09-26 02:34:38,148 DEBUG sportsdataverse.mbb.mbb_ncaa_fetch: rotating proxy: transport error
2026-09-26 02:34:39,148 INFO sportsdataverse.mbb.mbb_ncaa_fetch: browser proxy rotated -> http://<redacted>:<redacted>@us.decodo.com:10031 (relaunching context)
2026-09-26 02:34:56,249 INFO sportsdataverse.mbb.mbb_ncaa_fetch: stats.ncaa.org terms gate -- accepting (one 10000 ms dwell)
2026-09-26 02:35:16,338 INFO sportsdataverse.mbb.mbb_ncaa_fetch: stats.ncaa.org terms gate -- accepting (one 10000 ms dwell)
2026-09-26 02:35:35,412 INFO sportsdataverse.mbb.mbb_ncaa_fetch: stats.ncaa.org terms gate -- accepting (one 10000 ms dwell)
2026-09-26 02:35:52,130 WARNING sportsdataverse.mbb.mbb_ncaa_fetch: stats.ncaa.org terms gate not accepted: https://stats.ncaa.org/contests/293600/play_by_play -- backing off 300 s (1/3)
2026-09-26 02:41:05,608 INFO sportsdataverse.mbb.mbb_ncaa_fetch: stats.ncaa.org terms gate -- accepting (one 10000 ms dwell)
2026-09-26 02:41:22,582 WARNING sportsdataverse.mbb.mbb_ncaa_fetch: stats.ncaa.org terms gate not accepted: https://stats.ncaa.org/contests/293600/play_by_play -- backing off 300 s (2/3)
2026-09-26 02:46:36,619 INFO sportsdataverse.mbb.mbb_ncaa_fetch: stats.ncaa.org terms gate -- accepting (one 10000 ms dwell)
2026-09-26 02:46:54,426 WARNING sportsdataverse.mbb.mbb_ncaa_fetch: stats.ncaa.org terms gate not accepted: https://stats.ncaa.org/contests/293600/play_by_play -- backing off 300 s (3/3)
2026-09-26 02:52:06,688 INFO sportsdataverse.mbb.mbb_ncaa_fetch: stats.ncaa.org terms gate -- accepting (one 10000 ms dwell)
2026-09-26 02:52:35,655 INFO sportsdataverse.mbb.mbb_ncaa_fetch: stats.ncaa.org terms gate -- accepting (one 10000 ms dwell)
2026-09-26 02:52:52,777 WARNING sportsdataverse.mbb.mbb_ncaa_fetch: stats.ncaa.org terms gate not accepted: https://stats.ncaa.org/contests/293610/play_by_play -- backing off 300 s (1/3)
2026-09-26 02:58:05,451 INFO sportsdataverse.mbb.mbb_ncaa_fetch: stats.ncaa.org terms gate -- accepting (one 10000 ms dwell)
2026-09-26 02:58:24,781 INFO sportsdataverse.mbb.mbb_ncaa_fetch: stats.ncaa.org terms gate -- accepting (one 10000 ms dwell)
2026-09-26 02:58:44,275 INFO sportsdataverse.mbb.mbb_ncaa_fetch: stats.ncaa.org terms gate -- accepting (one 10000 ms dwell)
2026-09-26 02:58:58,776 INFO sportsdataverse.mbb.mbb_ncaa_fetch: bm-verify not passed (406-byte response) -- re-solving, attempt 1/3
2026-09-26 02:59:07,156 INFO sportsdataverse.mbb.mbb_ncaa_fetch: bm-verify not passed (406-byte response) -- re-solving, attempt 2/3
2026-09-26 02:59:15,543 INFO sportsdataverse.mbb.mbb_ncaa_fetch: bm-verify not passed (406-byte response) -- re-solving, attempt 3/3
2026-09-26 02:59:15,543 DEBUG sportsdataverse.mbb.mbb_ncaa_fetch: transport error on http://<redacted>:<redacted>@us.decodo.com:10031: RuntimeError: bm-verify not passed after 3 attempts (406-byte response): https://stats.ncaa.org/contests/293616/team_stats
2026-09-26 02:59:15,543 DEBUG sportsdataverse.mbb.mbb_ncaa_fetch: rotating proxy: transport error
2026-09-26 02:59:16,543 INFO sportsdataverse.mbb.mbb_ncaa_fetch: browser proxy rotated -> http://<redacted>:<redacted>@us.decodo.com:10032 (relaunching context)
2026-09-26 02:59:29,300 INFO sportsdataverse.mbb.mbb_ncaa_fetch: bm-verify not passed (406-byte response) -- re-solving, attempt 1/3
2026-09-26 02:59:37,911 INFO sportsdataverse.mbb.mbb_ncaa_fetch: bm-verify not passed (406-byte response) -- re-solving, attempt 2/3
2026-09-26 02:59:46,458 INFO sportsdataverse.mbb.mbb_ncaa_fetch: bm-verify not passed (406-byte response) -- re-solving, attempt 3/3
2026-09-26 02:59:46,459 DEBUG sportsdataverse.mbb.mbb_ncaa_fetch: transport error on http://<redacted>:<redacted>@us.decodo.com:10032: RuntimeError: bm-verify not passed after 3 attempts (406-byte response): https://stats.ncaa.org/contests/293616/team_stats
2026-09-26 02:59:46,459 DEBUG sportsdataverse.mbb.mbb_ncaa_fetch: rotating proxy: transport error
2026-09-26 02:59:47,459 INFO sportsdataverse.mbb.mbb_ncaa_fetch: browser proxy rotated -> http://<redacted>:<redacted>@us.decodo.com:10033 (relaunching context)
2026-09-26 03:00:12,559 INFO sportsdataverse.mbb.mbb_ncaa_fetch: stats.ncaa.org terms gate -- accepting (one 10000 ms dwell)
2026-09-26 03:00:40,368 INFO sportsdataverse.mbb.mbb_ncaa_fetch: stats.ncaa.org terms gate -- accepting (one 10000 ms dwell)
2026-09-26 03:01:09,315 INFO sportsdataverse.mbb.mbb_ncaa_fetch: stats.ncaa.org terms gate -- accepting (one 10000 ms dwell)
2026-09-26 03:01:34,299 INFO sportsdataverse.mbb.mbb_ncaa_fetch: stats.ncaa.org terms gate -- accepting (one 10000 ms dwell)
2026-09-26 03:01:55,037 INFO sportsdataverse.mbb.mbb_ncaa_fetch: stats.ncaa.org terms gate -- accepting (one 10000 ms dwell)
2026-09-26 03:02:19,360 INFO sportsdataverse.mbb.mbb_ncaa_fetch: bm-verify not passed (406-byte response) -- re-solving, attempt 1/3
2026-09-26 03:02:28,015 INFO sportsdataverse.mbb.mbb_ncaa_fetch: bm-verify not passed (406-byte response) -- re-solving, attempt 2/3
2026-09-26 03:02:36,771 INFO sportsdataverse.mbb.mbb_ncaa_fetch: bm-verify not passed (406-byte response) -- re-solving, attempt 3/3
2026-09-26 03:02:36,771 DEBUG sportsdataverse.mbb.mbb_ncaa_fetch: transport error on http://<redacted>:<redacted>@us.decodo.com:10033: RuntimeError: bm-verify not passed after 3 attempts (406-byte response): https://stats.ncaa.org/contests/293641/team_stats
2026-09-26 03:02:36,771 DEBUG sportsdataverse.mbb.mbb_ncaa_fetch: rotating proxy: transport error
2026-09-26 03:02:37,772 INFO sportsdataverse.mbb.mbb_ncaa_fetch: browser proxy rotated -> http://<redacted>:<redacted>@us.decodo.com:10034 (relaunching context)
2026-09-26 03:02:56,313 INFO sportsdataverse.mbb.mbb_ncaa_fetch: stats.ncaa.org terms gate -- accepting (one 10000 ms dwell)
2026-09-26 03:03:25,085 INFO sportsdataverse.mbb.mbb_ncaa_fetch: stats.ncaa.org terms gate -- accepting (one 10000 ms dwell)
2026-09-26 03:03:57,665 INFO sportsdataverse.mbb.mbb_ncaa_fetch: stats.ncaa.org terms gate -- accepting (one 10000 ms dwell)
2026-09-26 03:04:29,860 INFO sportsdataverse.mbb.mbb_ncaa_fetch: stats.ncaa.org terms gate -- accepting (one 10000 ms dwell)
2026-09-26 03:04:55,534 INFO sportsdataverse.mbb.mbb_ncaa_fetch: stats.ncaa.org terms gate -- accepting (one 10000 ms dwell)
2026-09-26 03:05:13,969 INFO sportsdataverse.mbb.mbb_ncaa_fetch: bm-verify not passed (406-byte response) -- re-solving, attempt 1/3
2026-09-26 03:05:22,442 INFO sportsdataverse.mbb.mbb_ncaa_fetch: bm-verify not passed (406-byte response) -- re-solving, attempt 2/3
2026-09-26 03:05:30,879 INFO sportsdataverse.mbb.mbb_ncaa_fetch: bm-verify not passed (406-byte response) -- re-solving, attempt 3/3
2026-09-26 03:05:30,879 DEBUG sportsdataverse.mbb.mbb_ncaa_fetch: transport error on http://<redacted>:<redacted>@us.decodo.com:10034: RuntimeError: bm-verify not passed after 3 attempts (406-byte response): https://stats.ncaa.org/contests/293661/team_stats
2026-09-26 03:05:30,879 DEBUG sportsdataverse.mbb.mbb_ncaa_fetch: rotating proxy: transport error
2026-09-26 03:05:31,880 INFO sportsdataverse.mbb.mbb_ncaa_fetch: browser proxy rotated -> http://<redacted>:<redacted>@us.decodo.com:10035 (relaunching context)
2026-09-26 03:05:48,073 INFO sportsdataverse.mbb.mbb_ncaa_fetch: stats.ncaa.org terms gate -- accepting (one 10000 ms dwell)
2026-09-26 03:06:07,037 INFO sportsdataverse.mbb.mbb_ncaa_fetch: stats.ncaa.org terms gate -- accepting (one 10000 ms dwell)
2026-09-26 03:06:26,504 INFO sportsdataverse.mbb.mbb_ncaa_fetch: stats.ncaa.org terms gate -- accepting (one 10000 ms dwell)
2026-09-26 03:06:43,035 WARNING sportsdataverse.mbb.mbb_ncaa_fetch: stats.ncaa.org terms gate not accepted: https://stats.ncaa.org/contests/293667/individual_stats -- backing off 300 s (1/3)
2026-09-26 03:11:54,659 INFO sportsdataverse.mbb.mbb_ncaa_fetch: stats.ncaa.org terms gate -- accepting (one 10000 ms dwell)
2026-09-26 03:12:11,748 INFO sportsdataverse.mbb.mbb_ncaa_fetch: bm-verify not passed (405-byte response) -- re-solving, attempt 1/3
2026-09-26 03:12:20,061 INFO sportsdataverse.mbb.mbb_ncaa_fetch: bm-verify not passed (405-byte response) -- re-solving, attempt 2/3
2026-09-26 03:12:28,393 INFO sportsdataverse.mbb.mbb_ncaa_fetch: bm-verify not passed (405-byte response) -- re-solving, attempt 3/3
2026-09-26 03:12:28,393 DEBUG sportsdataverse.mbb.mbb_ncaa_fetch: transport error on http://<redacted>:<redacted>@us.decodo.com:10035: RuntimeError: bm-verify not passed after 3 attempts (405-byte response): https://stats.ncaa.org/contests/293675/box_score
2026-09-26 03:12:28,393 DEBUG sportsdataverse.mbb.mbb_ncaa_fetch: rotating proxy: transport error
2026-09-26 03:12:29,394 INFO sportsdataverse.mbb.mbb_ncaa_fetch: browser proxy rotated -> http://<redacted>:<redacted>@us.decodo.com:10036 (relaunching context)
2026-09-26 03:12:44,185 INFO sportsdataverse.mbb.mbb_ncaa_fetch: stats.ncaa.org terms gate -- accepting (one 10000 ms dwell)
2026-09-26 03:12:59,737 WARNING sportsdataverse.mbb.mbb_ncaa_fetch: stats.ncaa.org terms gate not accepted: https://stats.ncaa.org/contests/293675/box_score -- backing off 300 s (1/3)
2026-09-26 03:18:02,848 DEBUG sportsdataverse.mbb.mbb_ncaa_fetch: transport error on http://<redacted>:<redacted>@us.decodo.com:10036: Error: Page.goto: net::ERR_TUNNEL_CONNECTION_FAILED at https://stats.ncaa.org/contests/293675/box_score
Call log:
  - navigating to "https://stats.ncaa.org/contests/293675/box_score", waiting until "domcontentloaded"

2026-09-26 03:18:02,852 DEBUG sportsdataverse.mbb.mbb_ncaa_fetch: rotating proxy: transport error
2026-09-26 03:18:03,854 INFO sportsdataverse.mbb.mbb_ncaa_fetch: browser proxy rotated -> http://<redacted>:<redacted>@us.decodo.com:10037 (relaunching context)
2026-09-26 03:18:19,198 INFO sportsdataverse.mbb.mbb_ncaa_fetch: stats.ncaa.org terms gate -- accepting (one 10000 ms dwell)
2026-09-26 03:18:34,982 WARNING sportsdataverse.mbb.mbb_ncaa_fetch: stats.ncaa.org terms gate not accepted: https://stats.ncaa.org/contests/293675/box_score -- backing off 300 s (2/3)
