warning: `VIRTUAL_ENV=/root/.venvs/default` does not match the project environment path `.venv` and will be ignored; use `--active` to target the active environment instead
2026-08-27 09:19:11 [INFO] ncaa_baseball_data_build: wrote /mnt/sdv_repos/baseballr-data/ncaa/teams/parquet/ncaa_baseball_teams_2025.parquet (9.8KB), 944 rows x 4 cols + ncaa_baseball_teams_2025.csv.gz (release); manifest manifest.csv upserted
2026-08-27 09:19:12 [INFO] ncaa_baseball_data_build: uploading ncaa_baseball_teams_2025.parquet (9.8KB) -> sportsdataverse/sportsdataverse-data:ncaa_baseball_teams
2026-08-27 09:19:13 [INFO] ncaa_baseball_data_build: uploaded ncaa_baseball_teams_2025.parquet -> ncaa_baseball_teams (asset 1/3)
2026-08-27 09:19:13 [INFO] ncaa_baseball_data_build: uploading ncaa_baseball_teams_2025.csv.gz (7.9KB) -> sportsdataverse/sportsdataverse-data:ncaa_baseball_teams
2026-08-27 09:19:14 [INFO] ncaa_baseball_data_build: uploaded ncaa_baseball_teams_2025.csv.gz -> ncaa_baseball_teams (asset 2/3)
2026-08-27 09:19:14 [INFO] ncaa_baseball_data_build: uploading ncaa_baseball_teams_2025.rds (9.0KB) -> sportsdataverse/sportsdataverse-data:ncaa_baseball_teams
2026-08-27 09:19:15 [INFO] ncaa_baseball_data_build: uploaded ncaa_baseball_teams_2025.rds -> ncaa_baseball_teams (asset 3/3)
2026-08-27 09:19:15 [INFO] ncaa_baseball_data_build: wrote /mnt/sdv_repos/baseballr-data/ncaa/schedule/parquet/ncaa_baseball_schedule_2025.parquet (560.7KB), 45789 rows x 14 cols + ncaa_baseball_schedule_2025.csv.gz (release); manifest manifest.csv upserted
2026-08-27 09:19:17 [INFO] ncaa_baseball_data_build: uploading ncaa_baseball_schedule_2025.parquet (560.7KB) -> sportsdataverse/sportsdataverse-data:ncaa_baseball_schedules
2026-08-27 09:19:18 [INFO] ncaa_baseball_data_build: uploaded ncaa_baseball_schedule_2025.parquet -> ncaa_baseball_schedules (asset 1/3)
2026-08-27 09:19:18 [INFO] ncaa_baseball_data_build: uploading ncaa_baseball_schedule_2025.csv.gz (826.6KB) -> sportsdataverse/sportsdataverse-data:ncaa_baseball_schedules
2026-08-27 09:19:19 [INFO] ncaa_baseball_data_build: uploaded ncaa_baseball_schedule_2025.csv.gz -> ncaa_baseball_schedules (asset 2/3)
2026-08-27 09:19:19 [INFO] ncaa_baseball_data_build: uploading ncaa_baseball_schedule_2025.rds (650.7KB) -> sportsdataverse/sportsdataverse-data:ncaa_baseball_schedules
2026-08-27 09:19:20 [INFO] ncaa_baseball_data_build: uploaded ncaa_baseball_schedule_2025.rds -> ncaa_baseball_schedules (asset 3/3)
2026-08-27 09:19:20 [INFO] ncaa_baseball_data_build: wrote /mnt/sdv_repos/baseballr-data/ncaa/rosters/parquet/ncaa_baseball_rosters_2025.parquet (284.5KB), 12052 rows x 15 cols + ncaa_baseball_rosters_2025.csv.gz (release); manifest manifest.csv upserted
2026-08-27 09:19:21 [INFO] ncaa_baseball_data_build: uploading ncaa_baseball_rosters_2025.parquet (284.5KB) -> sportsdataverse/sportsdataverse-data:ncaa_baseball_rosters
2026-08-27 09:19:22 [INFO] ncaa_baseball_data_build: uploaded ncaa_baseball_rosters_2025.parquet -> ncaa_baseball_rosters (asset 1/3)
2026-08-27 09:19:22 [INFO] ncaa_baseball_data_build: uploading ncaa_baseball_rosters_2025.csv.gz (349.3KB) -> sportsdataverse/sportsdataverse-data:ncaa_baseball_rosters
2026-08-27 09:19:23 [INFO] ncaa_baseball_data_build: uploaded ncaa_baseball_rosters_2025.csv.gz -> ncaa_baseball_rosters (asset 2/3)
2026-08-27 09:19:23 [INFO] ncaa_baseball_data_build: uploading ncaa_baseball_rosters_2025.rds (327.1KB) -> sportsdataverse/sportsdataverse-data:ncaa_baseball_rosters
2026-08-27 09:19:24 [INFO] ncaa_baseball_data_build: uploaded ncaa_baseball_rosters_2025.rds -> ncaa_baseball_rosters (asset 3/3)
2026-08-27 09:23:46 [INFO] ncaa_baseball_data_build: season 2025: 8512 payloads -> {'pbp': 844358, 'linescore': 149868, 'team_stats': 5589210, 'player_stats': 490203, 'situational_stats': 616273, 'games': 8512, 'qa': 8512}
2026-08-27 09:23:53 [INFO] ncaa_baseball_data_build: wrote /mnt/sdv_repos/baseballr-data/ncaa/pbp/parquet/ncaa_baseball_pbp_2025.parquet (15.5MB), 844358 rows x 37 cols + ncaa_baseball_pbp_2025.csv.gz (release); manifest manifest.csv upserted
2026-08-27 09:24:19 [INFO] ncaa_baseball_data_build: uploading ncaa_baseball_pbp_2025.parquet (15.5MB) -> sportsdataverse/sportsdataverse-data:ncaa_baseball_pbp
2026-08-27 09:24:21 [INFO] ncaa_baseball_data_build: uploaded ncaa_baseball_pbp_2025.parquet -> ncaa_baseball_pbp (asset 1/3)
2026-08-27 09:24:21 [INFO] ncaa_baseball_data_build: uploading ncaa_baseball_pbp_2025.csv.gz (20.8MB) -> sportsdataverse/sportsdataverse-data:ncaa_baseball_pbp
2026-08-27 09:24:22 [INFO] ncaa_baseball_data_build: uploaded ncaa_baseball_pbp_2025.csv.gz -> ncaa_baseball_pbp (asset 2/3)
2026-08-27 09:24:22 [INFO] ncaa_baseball_data_build: uploading ncaa_baseball_pbp_2025.rds (17.6MB) -> sportsdataverse/sportsdataverse-data:ncaa_baseball_pbp
2026-08-27 09:24:24 [INFO] ncaa_baseball_data_build: uploaded ncaa_baseball_pbp_2025.rds -> ncaa_baseball_pbp (asset 3/3)
2026-08-27 09:24:25 [INFO] ncaa_baseball_data_build: wrote /mnt/sdv_repos/baseballr-data/ncaa/linescore/parquet/ncaa_baseball_linescore_2025.parquet (284.5KB), 149868 rows x 16 cols + ncaa_baseball_linescore_2025.csv.gz (release); manifest manifest.csv upserted
2026-08-27 09:24:27 [INFO] ncaa_baseball_data_build: uploading ncaa_baseball_linescore_2025.parquet (284.5KB) -> sportsdataverse/sportsdataverse-data:ncaa_baseball_linescore
2026-08-27 09:24:27 [INFO] ncaa_baseball_data_build: uploaded ncaa_baseball_linescore_2025.parquet -> ncaa_baseball_linescore (asset 1/3)
2026-08-27 09:24:27 [INFO] ncaa_baseball_data_build: uploading ncaa_baseball_linescore_2025.csv.gz (895.1KB) -> sportsdataverse/sportsdataverse-data:ncaa_baseball_linescore
2026-08-27 09:24:28 [INFO] ncaa_baseball_data_build: uploaded ncaa_baseball_linescore_2025.csv.gz -> ncaa_baseball_linescore (asset 2/3)
2026-08-27 09:24:28 [INFO] ncaa_baseball_data_build: uploading ncaa_baseball_linescore_2025.rds (631.0KB) -> sportsdataverse/sportsdataverse-data:ncaa_baseball_linescore
2026-08-27 09:24:30 [INFO] ncaa_baseball_data_build: uploaded ncaa_baseball_linescore_2025.rds -> ncaa_baseball_linescore (asset 3/3)
2026-08-27 09:24:36 [INFO] ncaa_baseball_data_build: wrote /mnt/sdv_repos/baseballr-data/ncaa/team_stats/parquet/ncaa_baseball_team_stats_2025.parquet (2.0MB), 5589210 rows x 15 cols + ncaa_baseball_team_stats_2025.csv.gz (release); manifest manifest.csv upserted
2026-08-27 09:25:07 [INFO] ncaa_baseball_data_build: uploading ncaa_baseball_team_stats_2025.parquet (2.0MB) -> sportsdataverse/sportsdataverse-data:ncaa_baseball_team_stats
2026-08-27 09:25:08 [INFO] ncaa_baseball_data_build: uploaded ncaa_baseball_team_stats_2025.parquet -> ncaa_baseball_team_stats (asset 1/3)
2026-08-27 09:25:08 [INFO] ncaa_baseball_data_build: uploading ncaa_baseball_team_stats_2025.csv.gz (22.1MB) -> sportsdataverse/sportsdataverse-data:ncaa_baseball_team_stats
2026-08-27 09:25:10 [INFO] ncaa_baseball_data_build: uploaded ncaa_baseball_team_stats_2025.csv.gz -> ncaa_baseball_team_stats (asset 2/3)
2026-08-27 09:25:10 [INFO] ncaa_baseball_data_build: uploading ncaa_baseball_team_stats_2025.rds (5.5MB) -> sportsdataverse/sportsdataverse-data:ncaa_baseball_team_stats
2026-08-27 09:25:11 [INFO] ncaa_baseball_data_build: uploaded ncaa_baseball_team_stats_2025.rds -> ncaa_baseball_team_stats (asset 3/3)
2026-08-27 09:25:17 [INFO] ncaa_baseball_data_build: wrote /mnt/sdv_repos/baseballr-data/ncaa/player_stats/parquet/ncaa_baseball_player_stats_2025.parquet (4.3MB), 490203 rows x 59 cols + ncaa_baseball_player_stats_2025.csv.gz (release); manifest manifest.csv upserted
2026-08-27 09:25:29 [INFO] ncaa_baseball_data_build: uploading ncaa_baseball_player_stats_2025.parquet (4.3MB) -> sportsdataverse/sportsdataverse-data:ncaa_baseball_player_stats
2026-08-27 09:25:30 [INFO] ncaa_baseball_data_build: uploaded ncaa_baseball_player_stats_2025.parquet -> ncaa_baseball_player_stats (asset 1/3)
2026-08-27 09:25:30 [INFO] ncaa_baseball_data_build: uploading ncaa_baseball_player_stats_2025.csv.gz (7.6MB) -> sportsdataverse/sportsdataverse-data:ncaa_baseball_player_stats
2026-08-27 09:25:31 [INFO] ncaa_baseball_data_build: uploaded ncaa_baseball_player_stats_2025.csv.gz -> ncaa_baseball_player_stats (asset 2/3)
2026-08-27 09:25:31 [INFO] ncaa_baseball_data_build: uploading ncaa_baseball_player_stats_2025.rds (6.8MB) -> sportsdataverse/sportsdataverse-data:ncaa_baseball_player_stats
2026-08-27 09:25:33 [INFO] ncaa_baseball_data_build: uploaded ncaa_baseball_player_stats_2025.rds -> ncaa_baseball_player_stats (asset 3/3)
2026-08-27 09:25:37 [INFO] ncaa_baseball_data_build: wrote /mnt/sdv_repos/baseballr-data/ncaa/situational_stats/parquet/ncaa_baseball_situational_stats_2025.parquet (4.2MB), 616273 rows x 33 cols + ncaa_baseball_situational_stats_2025.csv.gz (release); manifest manifest.csv upserted
2026-08-27 09:25:46 [INFO] ncaa_baseball_data_build: uploading ncaa_baseball_situational_stats_2025.parquet (4.2MB) -> sportsdataverse/sportsdataverse-data:ncaa_baseball_situational_stats
2026-08-27 09:25:47 [INFO] ncaa_baseball_data_build: uploaded ncaa_baseball_situational_stats_2025.parquet -> ncaa_baseball_situational_stats (asset 1/3)
2026-08-27 09:25:47 [INFO] ncaa_baseball_data_build: uploading ncaa_baseball_situational_stats_2025.csv.gz (8.4MB) -> sportsdataverse/sportsdataverse-data:ncaa_baseball_situational_stats
2026-08-27 09:25:48 [INFO] ncaa_baseball_data_build: uploaded ncaa_baseball_situational_stats_2025.csv.gz -> ncaa_baseball_situational_stats (asset 2/3)
2026-08-27 09:25:48 [INFO] ncaa_baseball_data_build: uploading ncaa_baseball_situational_stats_2025.rds (6.8MB) -> sportsdataverse/sportsdataverse-data:ncaa_baseball_situational_stats
2026-08-27 09:25:49 [INFO] ncaa_baseball_data_build: uploaded ncaa_baseball_situational_stats_2025.rds -> ncaa_baseball_situational_stats (asset 3/3)
2026-08-27 09:25:49 [INFO] ncaa_baseball_data_build: wrote /mnt/sdv_repos/baseballr-data/ncaa/games/parquet/ncaa_baseball_games_2025.parquet (63.7KB), 8512 rows x 10 cols + ncaa_baseball_games_2025.csv.gz (release); manifest manifest.csv upserted
2026-08-27 09:25:51 [INFO] ncaa_baseball_data_build: uploading ncaa_baseball_games_2025.parquet (63.7KB) -> sportsdataverse/sportsdataverse-data:ncaa_baseball_games
2026-08-27 09:25:51 [INFO] ncaa_baseball_data_build: uploaded ncaa_baseball_games_2025.parquet -> ncaa_baseball_games (asset 1/3)
2026-08-27 09:25:51 [INFO] ncaa_baseball_data_build: uploading ncaa_baseball_games_2025.csv.gz (101.6KB) -> sportsdataverse/sportsdataverse-data:ncaa_baseball_games
2026-08-27 09:25:52 [INFO] ncaa_baseball_data_build: uploaded ncaa_baseball_games_2025.csv.gz -> ncaa_baseball_games (asset 2/3)
2026-08-27 09:25:52 [INFO] ncaa_baseball_data_build: uploading ncaa_baseball_games_2025.rds (95.2KB) -> sportsdataverse/sportsdataverse-data:ncaa_baseball_games
2026-08-27 09:25:53 [INFO] ncaa_baseball_data_build: uploaded ncaa_baseball_games_2025.rds -> ncaa_baseball_games (asset 3/3)
2026-08-27 09:25:53 [INFO] ncaa_baseball_data_build: qa 2025: 8484/8512 exact, 0 unverifiable, 28 flagged -> /mnt/sdv_repos/baseballr-data/ncaa/qa/qa_pbp_finals_2025.parquet
