warning: `VIRTUAL_ENV=/root/.venvs/default` does not match the project environment path `.venv` and will be ignored; use `--active` to target the active environment instead
2026-08-27 14:02:14 [INFO] ncaa_baseball_data_build: wrote /mnt/sdv_repos/baseballr-data/ncaa/teams/parquet/ncaa_baseball_teams_2024.parquet (9.8KB), 946 rows x 4 cols + ncaa_baseball_teams_2024.csv.gz (release); manifest manifest.csv upserted
2026-08-27 14:02:15 [INFO] ncaa_baseball_data_build: uploading ncaa_baseball_teams_2024.parquet (9.8KB) -> sportsdataverse/sportsdataverse-data:ncaa_baseball_teams
2026-08-27 14:02:16 [INFO] ncaa_baseball_data_build: uploaded ncaa_baseball_teams_2024.parquet -> ncaa_baseball_teams (asset 1/3)
2026-08-27 14:02:16 [INFO] ncaa_baseball_data_build: uploading ncaa_baseball_teams_2024.csv.gz (7.9KB) -> sportsdataverse/sportsdataverse-data:ncaa_baseball_teams
2026-08-27 14:02:17 [INFO] ncaa_baseball_data_build: uploaded ncaa_baseball_teams_2024.csv.gz -> ncaa_baseball_teams (asset 2/3)
2026-08-27 14:02:17 [INFO] ncaa_baseball_data_build: uploading ncaa_baseball_teams_2024.rds (9.0KB) -> sportsdataverse/sportsdataverse-data:ncaa_baseball_teams
2026-08-27 14:02:18 [INFO] ncaa_baseball_data_build: uploaded ncaa_baseball_teams_2024.rds -> ncaa_baseball_teams (asset 3/3)
2026-08-27 14:02:19 [INFO] ncaa_baseball_data_build: wrote /mnt/sdv_repos/baseballr-data/ncaa/schedule/parquet/ncaa_baseball_schedule_2024.parquet (568.2KB), 45913 rows x 14 cols + ncaa_baseball_schedule_2024.csv.gz (release); manifest manifest.csv upserted
2026-08-27 14:02:20 [INFO] ncaa_baseball_data_build: uploading ncaa_baseball_schedule_2024.parquet (568.2KB) -> sportsdataverse/sportsdataverse-data:ncaa_baseball_schedules
2026-08-27 14:02:21 [INFO] ncaa_baseball_data_build: uploaded ncaa_baseball_schedule_2024.parquet -> ncaa_baseball_schedules (asset 1/3)
2026-08-27 14:02:21 [INFO] ncaa_baseball_data_build: uploading ncaa_baseball_schedule_2024.csv.gz (834.2KB) -> sportsdataverse/sportsdataverse-data:ncaa_baseball_schedules
2026-08-27 14:02:22 [INFO] ncaa_baseball_data_build: uploaded ncaa_baseball_schedule_2024.csv.gz -> ncaa_baseball_schedules (asset 2/3)
2026-08-27 14:02:22 [INFO] ncaa_baseball_data_build: uploading ncaa_baseball_schedule_2024.rds (658.0KB) -> sportsdataverse/sportsdataverse-data:ncaa_baseball_schedules
2026-08-27 14:02:24 [INFO] ncaa_baseball_data_build: uploaded ncaa_baseball_schedule_2024.rds -> ncaa_baseball_schedules (asset 3/3)
2026-08-27 14:02:24 [INFO] ncaa_baseball_data_build: wrote /mnt/sdv_repos/baseballr-data/ncaa/rosters/parquet/ncaa_baseball_rosters_2024.parquet (283.0KB), 11963 rows x 15 cols + ncaa_baseball_rosters_2024.csv.gz (release); manifest manifest.csv upserted
2026-08-27 14:02:25 [INFO] ncaa_baseball_data_build: uploading ncaa_baseball_rosters_2024.parquet (283.0KB) -> sportsdataverse/sportsdataverse-data:ncaa_baseball_rosters
2026-08-27 14:02:26 [INFO] ncaa_baseball_data_build: uploaded ncaa_baseball_rosters_2024.parquet -> ncaa_baseball_rosters (asset 1/3)
2026-08-27 14:02:26 [INFO] ncaa_baseball_data_build: uploading ncaa_baseball_rosters_2024.csv.gz (346.5KB) -> sportsdataverse/sportsdataverse-data:ncaa_baseball_rosters
2026-08-27 14:02:27 [INFO] ncaa_baseball_data_build: uploaded ncaa_baseball_rosters_2024.csv.gz -> ncaa_baseball_rosters (asset 2/3)
2026-08-27 14:02:27 [INFO] ncaa_baseball_data_build: uploading ncaa_baseball_rosters_2024.rds (324.3KB) -> sportsdataverse/sportsdataverse-data:ncaa_baseball_rosters
2026-08-27 14:02:28 [INFO] ncaa_baseball_data_build: uploaded ncaa_baseball_rosters_2024.rds -> ncaa_baseball_rosters (asset 3/3)
2026-08-27 14:07:05 [INFO] ncaa_baseball_data_build: season 2024: 6697 payloads -> {'pbp': 666973, 'linescore': 119088, 'team_stats': 4437545, 'player_stats': 388228, 'situational_stats': 489068, 'games': 6697, 'qa': 6697}
2026-08-27 14:07:11 [INFO] ncaa_baseball_data_build: wrote /mnt/sdv_repos/baseballr-data/ncaa/pbp/parquet/ncaa_baseball_pbp_2024.parquet (12.8MB), 666973 rows x 37 cols + ncaa_baseball_pbp_2024.csv.gz (release); manifest manifest.csv upserted
2026-08-27 14:07:31 [INFO] ncaa_baseball_data_build: uploading ncaa_baseball_pbp_2024.parquet (12.8MB) -> sportsdataverse/sportsdataverse-data:ncaa_baseball_pbp
2026-08-27 14:07:33 [INFO] ncaa_baseball_data_build: uploaded ncaa_baseball_pbp_2024.parquet -> ncaa_baseball_pbp (asset 1/3)
2026-08-27 14:07:33 [INFO] ncaa_baseball_data_build: uploading ncaa_baseball_pbp_2024.csv.gz (16.7MB) -> sportsdataverse/sportsdataverse-data:ncaa_baseball_pbp
2026-08-27 14:07:35 [INFO] ncaa_baseball_data_build: uploaded ncaa_baseball_pbp_2024.csv.gz -> ncaa_baseball_pbp (asset 2/3)
2026-08-27 14:07:35 [INFO] ncaa_baseball_data_build: uploading ncaa_baseball_pbp_2024.rds (14.6MB) -> sportsdataverse/sportsdataverse-data:ncaa_baseball_pbp
2026-08-27 14:07:37 [INFO] ncaa_baseball_data_build: uploaded ncaa_baseball_pbp_2024.rds -> ncaa_baseball_pbp (asset 3/3)
2026-08-27 14:07:37 [INFO] ncaa_baseball_data_build: wrote /mnt/sdv_repos/baseballr-data/ncaa/linescore/parquet/ncaa_baseball_linescore_2024.parquet (226.0KB), 119088 rows x 16 cols + ncaa_baseball_linescore_2024.csv.gz (release); manifest manifest.csv upserted
2026-08-27 14:07:39 [INFO] ncaa_baseball_data_build: uploading ncaa_baseball_linescore_2024.parquet (226.0KB) -> sportsdataverse/sportsdataverse-data:ncaa_baseball_linescore
2026-08-27 14:07:40 [INFO] ncaa_baseball_data_build: uploaded ncaa_baseball_linescore_2024.parquet -> ncaa_baseball_linescore (asset 1/3)
2026-08-27 14:07:40 [INFO] ncaa_baseball_data_build: uploading ncaa_baseball_linescore_2024.csv.gz (767.6KB) -> sportsdataverse/sportsdataverse-data:ncaa_baseball_linescore
2026-08-27 14:07:41 [INFO] ncaa_baseball_data_build: uploaded ncaa_baseball_linescore_2024.csv.gz -> ncaa_baseball_linescore (asset 2/3)
2026-08-27 14:07:41 [INFO] ncaa_baseball_data_build: uploading ncaa_baseball_linescore_2024.rds (593.9KB) -> sportsdataverse/sportsdataverse-data:ncaa_baseball_linescore
2026-08-27 14:07:42 [INFO] ncaa_baseball_data_build: uploaded ncaa_baseball_linescore_2024.rds -> ncaa_baseball_linescore (asset 3/3)
2026-08-27 14:07:47 [INFO] ncaa_baseball_data_build: wrote /mnt/sdv_repos/baseballr-data/ncaa/team_stats/parquet/ncaa_baseball_team_stats_2024.parquet (1.6MB), 4437545 rows x 15 cols + ncaa_baseball_team_stats_2024.csv.gz (release); manifest manifest.csv upserted
2026-08-27 14:08:11 [INFO] ncaa_baseball_data_build: uploading ncaa_baseball_team_stats_2024.parquet (1.6MB) -> sportsdataverse/sportsdataverse-data:ncaa_baseball_team_stats
2026-08-27 14:08:12 [INFO] ncaa_baseball_data_build: uploaded ncaa_baseball_team_stats_2024.parquet -> ncaa_baseball_team_stats (asset 1/3)
2026-08-27 14:08:12 [INFO] ncaa_baseball_data_build: uploading ncaa_baseball_team_stats_2024.csv.gz (17.6MB) -> sportsdataverse/sportsdataverse-data:ncaa_baseball_team_stats
2026-08-27 14:08:13 [INFO] ncaa_baseball_data_build: uploaded ncaa_baseball_team_stats_2024.csv.gz -> ncaa_baseball_team_stats (asset 2/3)
2026-08-27 14:08:13 [INFO] ncaa_baseball_data_build: uploading ncaa_baseball_team_stats_2024.rds (4.4MB) -> sportsdataverse/sportsdataverse-data:ncaa_baseball_team_stats
2026-08-27 14:08:15 [INFO] ncaa_baseball_data_build: uploaded ncaa_baseball_team_stats_2024.rds -> ncaa_baseball_team_stats (asset 3/3)
2026-08-27 14:08:19 [INFO] ncaa_baseball_data_build: wrote /mnt/sdv_repos/baseballr-data/ncaa/player_stats/parquet/ncaa_baseball_player_stats_2024.parquet (3.4MB), 388228 rows x 59 cols + ncaa_baseball_player_stats_2024.csv.gz (release); manifest manifest.csv upserted
2026-08-27 14:08:29 [INFO] ncaa_baseball_data_build: uploading ncaa_baseball_player_stats_2024.parquet (3.4MB) -> sportsdataverse/sportsdataverse-data:ncaa_baseball_player_stats
2026-08-27 14:08:30 [INFO] ncaa_baseball_data_build: uploaded ncaa_baseball_player_stats_2024.parquet -> ncaa_baseball_player_stats (asset 1/3)
2026-08-27 14:08:30 [INFO] ncaa_baseball_data_build: uploading ncaa_baseball_player_stats_2024.csv.gz (6.4MB) -> sportsdataverse/sportsdataverse-data:ncaa_baseball_player_stats
2026-08-27 14:08:31 [INFO] ncaa_baseball_data_build: uploaded ncaa_baseball_player_stats_2024.csv.gz -> ncaa_baseball_player_stats (asset 2/3)
2026-08-27 14:08:31 [INFO] ncaa_baseball_data_build: uploading ncaa_baseball_player_stats_2024.rds (5.7MB) -> sportsdataverse/sportsdataverse-data:ncaa_baseball_player_stats
2026-08-27 14:08:33 [INFO] ncaa_baseball_data_build: uploaded ncaa_baseball_player_stats_2024.rds -> ncaa_baseball_player_stats (asset 3/3)
2026-08-27 14:08:36 [INFO] ncaa_baseball_data_build: wrote /mnt/sdv_repos/baseballr-data/ncaa/situational_stats/parquet/ncaa_baseball_situational_stats_2024.parquet (3.3MB), 489068 rows x 33 cols + ncaa_baseball_situational_stats_2024.csv.gz (release); manifest manifest.csv upserted
2026-08-27 14:08:43 [INFO] ncaa_baseball_data_build: uploading ncaa_baseball_situational_stats_2024.parquet (3.3MB) -> sportsdataverse/sportsdataverse-data:ncaa_baseball_situational_stats
2026-08-27 14:08:44 [INFO] ncaa_baseball_data_build: uploaded ncaa_baseball_situational_stats_2024.parquet -> ncaa_baseball_situational_stats (asset 1/3)
2026-08-27 14:08:44 [INFO] ncaa_baseball_data_build: uploading ncaa_baseball_situational_stats_2024.csv.gz (6.9MB) -> sportsdataverse/sportsdataverse-data:ncaa_baseball_situational_stats
2026-08-27 14:08:46 [INFO] ncaa_baseball_data_build: uploaded ncaa_baseball_situational_stats_2024.csv.gz -> ncaa_baseball_situational_stats (asset 2/3)
2026-08-27 14:08:46 [INFO] ncaa_baseball_data_build: uploading ncaa_baseball_situational_stats_2024.rds (5.7MB) -> sportsdataverse/sportsdataverse-data:ncaa_baseball_situational_stats
2026-08-27 14:08:47 [INFO] ncaa_baseball_data_build: uploaded ncaa_baseball_situational_stats_2024.rds -> ncaa_baseball_situational_stats (asset 3/3)
2026-08-27 14:08:47 [INFO] ncaa_baseball_data_build: wrote /mnt/sdv_repos/baseballr-data/ncaa/games/parquet/ncaa_baseball_games_2024.parquet (61.6KB), 6697 rows x 10 cols + ncaa_baseball_games_2024.csv.gz (release); manifest manifest.csv upserted
2026-08-27 14:08:48 [INFO] ncaa_baseball_data_build: uploading ncaa_baseball_games_2024.parquet (61.6KB) -> sportsdataverse/sportsdataverse-data:ncaa_baseball_games
2026-08-27 14:08:49 [INFO] ncaa_baseball_data_build: uploaded ncaa_baseball_games_2024.parquet -> ncaa_baseball_games (asset 1/3)
2026-08-27 14:08:49 [INFO] ncaa_baseball_data_build: uploading ncaa_baseball_games_2024.csv.gz (81.8KB) -> sportsdataverse/sportsdataverse-data:ncaa_baseball_games
2026-08-27 14:08:50 [INFO] ncaa_baseball_data_build: uploaded ncaa_baseball_games_2024.csv.gz -> ncaa_baseball_games (asset 2/3)
2026-08-27 14:08:50 [INFO] ncaa_baseball_data_build: uploading ncaa_baseball_games_2024.rds (78.2KB) -> sportsdataverse/sportsdataverse-data:ncaa_baseball_games
2026-08-27 14:08:51 [INFO] ncaa_baseball_data_build: uploaded ncaa_baseball_games_2024.rds -> ncaa_baseball_games (asset 3/3)
2026-08-27 14:08:51 [INFO] ncaa_baseball_data_build: qa 2024: 6677/6697 exact, 0 unverifiable, 20 flagged -> /mnt/sdv_repos/baseballr-data/ncaa/qa/qa_pbp_finals_2024.parquet
