[2026-09-12 15:00:01Z] daily mlb start: season=2026 max_games=0
offline stage: no proxy / transport needed
log -> logs/mlb_01_schedules_20260912_110001.log  (watch: tail -f logs/mlb_01_schedules_20260912_110001.log)
season 2026: 3001 games -> mlb/schedule/2026.parquet
EXIT=0
offline stage: no proxy / transport needed
log -> logs/mlb_02_games_20260912_110010.log  (watch: tail -f logs/mlb_02_games_20260912_110010.log)
capture season 2026: {'captured': 15, 'skipped': 2201, 'failed': 0, 'elapsed_s': 5.2}
EXIT=0
offline stage: no proxy / transport needed
log -> logs/mlb_03_parse_20260912_110016.log  (watch: tail -f logs/mlb_03_parse_20260912_110016.log)
parse season 2026: {'games': 2216, 'plays': 168084, 'pitches': 651544, 'runners': 226776, 'unparsed': 0}
EXIT=0
[2026-09-12 15:01:15Z] daily mlb stages done (rc_total=0)
To github.com:sportsdataverse/baseballr-data.git
 ! [rejected]              HEAD -> main (fetch first)
error: failed to push some refs to 'git@github.com:sportsdataverse/baseballr-data.git'
hint: Updates were rejected because the remote contains work that you do
hint: not have locally. This is usually caused by another repository pushing
hint: to the same ref. You may want to first integrate the remote changes
hint: (e.g., 'git pull ...') before pushing again.
hint: See the 'Note about fast-forwards' in 'git push --help' for details.
push rejected (attempt 1); syncing with origin
::error ::cannot rebase onto origin/main for: feat(mlb): season 2026 daily capture
[2026-09-12 15:01:23Z] daily mlb done EXIT=1
