offline stage: no proxy / transport needed
log -> logs/mlb_01_schedules_20260909_103514.log  (watch: tail -f logs/mlb_01_schedules_20260909_103514.log)
season 2002: 2507 games -> mlb/schedule/2002.parquet
EXIT=0
offline stage: no proxy / transport needed
log -> logs/mlb_02_games_20260909_103519.log  (watch: tail -f logs/mlb_02_games_20260909_103519.log)
  250/2464 in 28s (9.0 games/s)
  500/2464 in 54s (9.2 games/s)
  750/2464 in 77s (9.7 games/s)
  1000/2464 in 104s (9.7 games/s)
  1250/2464 in 129s (9.7 games/s)
  1500/2464 in 155s (9.7 games/s)
  1750/2464 in 177s (9.9 games/s)
  2000/2464 in 201s (10.0 games/s)
  2250/2464 in 224s (10.1 games/s)
capture season 2002: {'captured': 2464, 'skipped': 0, 'failed': 0, 'elapsed_s': 242.4}
EXIT=0
offline stage: no proxy / transport needed
log -> logs/mlb_03_parse_20260909_103922.log  (watch: tail -f logs/mlb_03_parse_20260909_103922.log)
parse season 2002: {'games': 2464, 'plays': 189684, 'pitches': 707126, 'unparsed': 0}
EXIT=0
