offline stage: no proxy / transport needed
log -> logs/mlb_01_schedules_20260909_104510.log  (watch: tail -f logs/mlb_01_schedules_20260909_104510.log)
season 2000: 2507 games -> mlb/schedule/2000.parquet
EXIT=0
offline stage: no proxy / transport needed
log -> logs/mlb_02_games_20260909_104514.log  (watch: tail -f logs/mlb_02_games_20260909_104514.log)
  250/2501 in 31s (8.1 games/s)
  500/2501 in 56s (8.8 games/s)
  750/2501 in 84s (9.0 games/s)
  1000/2501 in 108s (9.2 games/s)
  1250/2501 in 135s (9.3 games/s)
  1500/2501 in 164s (9.1 games/s)
  1750/2501 in 192s (9.1 games/s)
  2000/2501 in 216s (9.3 games/s)
  2250/2501 in 242s (9.3 games/s)
  2500/2501 in 271s (9.2 games/s)
capture season 2000: {'captured': 2501, 'skipped': 0, 'failed': 0, 'elapsed_s': 271.9}
EXIT=0
offline stage: no proxy / transport needed
log -> logs/mlb_03_parse_20260909_104947.log  (watch: tail -f logs/mlb_03_parse_20260909_104947.log)
parse season 2000: {'games': 2501, 'plays': 193190, 'pitches': 724864, 'unparsed': 0}
EXIT=0
