offline stage: no proxy / transport needed
log -> logs/mlb_01_schedules_20260909_084443.log  (watch: tail -f logs/mlb_01_schedules_20260909_084443.log)
season 2019: 3010 games -> mlb/schedule/2019.parquet
EXIT=0
offline stage: no proxy / transport needed
log -> logs/mlb_02_games_20260909_084448.log  (watch: tail -f logs/mlb_02_games_20260909_084448.log)
  250/2467 in 37s (6.8 games/s)
  500/2467 in 71s (7.0 games/s)
  750/2467 in 107s (7.0 games/s)
  1000/2467 in 141s (7.1 games/s)
  1250/2467 in 175s (7.1 games/s)
  1500/2467 in 208s (7.2 games/s)
  1750/2467 in 241s (7.3 games/s)
  2000/2467 in 274s (7.3 games/s)
  2250/2467 in 310s (7.3 games/s)
capture season 2019: {'captured': 2467, 'skipped': 0, 'failed': 0, 'elapsed_s': 349.9}
EXIT=0
offline stage: no proxy / transport needed
log -> logs/mlb_03_parse_20260909_085040.log  (watch: tail -f logs/mlb_03_parse_20260909_085040.log)
parse season 2019: {'games': 2467, 'plays': 189672, 'pitches': 743572, 'unparsed': 0}
EXIT=0
