offline stage: no proxy / transport needed
log -> logs/mlb_01_schedules_20260909_092646.log  (watch: tail -f logs/mlb_01_schedules_20260909_092646.log)
season 2013: 3059 games -> mlb/schedule/2013.parquet
EXIT=0
offline stage: no proxy / transport needed
log -> logs/mlb_02_games_20260909_092650.log  (watch: tail -f logs/mlb_02_games_20260909_092650.log)
  250/2469 in 33s (7.7 games/s)
  500/2469 in 63s (7.9 games/s)
  750/2469 in 95s (7.9 games/s)
  1000/2469 in 128s (7.8 games/s)
  1250/2469 in 159s (7.9 games/s)
  1500/2469 in 188s (8.0 games/s)
  1750/2469 in 220s (8.0 games/s)
  2000/2469 in 251s (8.0 games/s)
  2250/2469 in 288s (7.8 games/s)
capture season 2013: {'captured': 2469, 'skipped': 0, 'failed': 0, 'elapsed_s': 318.2}
EXIT=0
offline stage: no proxy / transport needed
log -> logs/mlb_03_parse_20260909_093209.log  (watch: tail -f logs/mlb_03_parse_20260909_093209.log)
parse season 2013: {'games': 2469, 'plays': 188040, 'pitches': 720705, 'unparsed': 0}
EXIT=0
