offline stage: no proxy / transport needed
log -> logs/mlb_01_schedules_20260909_110407.log  (watch: tail -f logs/mlb_01_schedules_20260909_110407.log)
season 1997: 2302 games -> mlb/schedule/1997.parquet
EXIT=0
offline stage: no proxy / transport needed
log -> logs/mlb_02_games_20260909_110416.log  (watch: tail -f logs/mlb_02_games_20260909_110416.log)
  250/2300 in 33s (7.6 games/s)
  500/2300 in 70s (7.2 games/s)
  750/2300 in 111s (6.8 games/s)
  1000/2300 in 146s (6.8 games/s)
  1250/2300 in 182s (6.9 games/s)
  1500/2300 in 215s (7.0 games/s)
  1750/2300 in 250s (7.0 games/s)
  2000/2300 in 286s (7.0 games/s)
  2250/2300 in 317s (7.1 games/s)
capture season 1997: {'captured': 2300, 'skipped': 0, 'failed': 0, 'elapsed_s': 326.9}
EXIT=0
offline stage: no proxy / transport needed
log -> logs/mlb_03_parse_20260909_110944.log  (watch: tail -f logs/mlb_03_parse_20260909_110944.log)
parse season 1997: {'games': 2300, 'plays': 178704, 'pitches': 636447, 'unparsed': 0}
EXIT=0
