offline stage: no proxy / transport needed
log -> logs/mlb_01_schedules_20260909_091356.log  (watch: tail -f logs/mlb_01_schedules_20260909_091356.log)
season 2015: 3010 games -> mlb/schedule/2015.parquet
EXIT=0
offline stage: no proxy / transport needed
log -> logs/mlb_02_games_20260909_091400.log  (watch: tail -f logs/mlb_02_games_20260909_091400.log)
  250/2466 in 31s (8.1 games/s)
  500/2466 in 57s (8.8 games/s)
  750/2466 in 88s (8.5 games/s)
  1000/2466 in 118s (8.5 games/s)
  1250/2466 in 148s (8.4 games/s)
  1500/2466 in 177s (8.5 games/s)
  1750/2466 in 207s (8.4 games/s)
  2000/2466 in 237s (8.4 games/s)
  2250/2466 in 270s (8.3 games/s)
capture season 2015: {'captured': 2466, 'skipped': 0, 'failed': 0, 'elapsed_s': 296.2}
EXIT=0
offline stage: no proxy / transport needed
log -> logs/mlb_03_parse_20260909_091857.log  (watch: tail -f logs/mlb_03_parse_20260909_091857.log)
parse season 2015: {'games': 2466, 'plays': 186824, 'pitches': 712839, 'unparsed': 0}
EXIT=0
