offline stage: no proxy / transport needed
log -> logs/mlb_01_schedules_20260909_104003.log  (watch: tail -f logs/mlb_01_schedules_20260909_104003.log)
season 2001: 2590 games -> mlb/schedule/2001.parquet
EXIT=0
offline stage: no proxy / transport needed
log -> logs/mlb_02_games_20260909_104008.log  (watch: tail -f logs/mlb_02_games_20260909_104008.log)
  250/2584 in 28s (8.9 games/s)
  500/2584 in 54s (9.3 games/s)
  750/2584 in 77s (9.7 games/s)
  1000/2584 in 102s (9.8 games/s)
  1250/2584 in 126s (9.9 games/s)
  1500/2584 in 150s (10.0 games/s)
  1750/2584 in 177s (9.9 games/s)
  2000/2584 in 201s (9.9 games/s)
  2250/2584 in 224s (10.0 games/s)
  2500/2584 in 248s (10.1 games/s)
capture season 2001: {'captured': 2584, 'skipped': 0, 'failed': 0, 'elapsed_s': 259.9}
EXIT=0
offline stage: no proxy / transport needed
log -> logs/mlb_03_parse_20260909_104429.log  (watch: tail -f logs/mlb_03_parse_20260909_104429.log)
parse season 2001: {'games': 2584, 'plays': 190117, 'pitches': 706428, 'unparsed': 0}
EXIT=0
