offline stage: no proxy / transport needed
log -> logs/mlb_01_schedules_20260909_102559.log  (watch: tail -f logs/mlb_01_schedules_20260909_102559.log)
season 2004: 2534 games -> mlb/schedule/2004.parquet
EXIT=0
offline stage: no proxy / transport needed
log -> logs/mlb_02_games_20260909_102604.log  (watch: tail -f logs/mlb_02_games_20260909_102604.log)
  250/2464 in 24s (10.3 games/s)
  500/2464 in 47s (10.6 games/s)
  750/2464 in 70s (10.8 games/s)
  1000/2464 in 90s (11.1 games/s)
  1250/2464 in 111s (11.3 games/s)
  1500/2464 in 131s (11.4 games/s)
  1750/2464 in 151s (11.6 games/s)
  2000/2464 in 173s (11.6 games/s)
  2250/2464 in 196s (11.5 games/s)
capture season 2004: {'captured': 2464, 'skipped': 0, 'failed': 0, 'elapsed_s': 216.4}
EXIT=0
offline stage: no proxy / transport needed
log -> logs/mlb_03_parse_20260909_102941.log  (watch: tail -f logs/mlb_03_parse_20260909_102941.log)
parse season 2004: {'games': 2464, 'plays': 191734, 'pitches': 720679, 'unparsed': 0}
EXIT=0
