offline stage: no proxy / transport needed
log -> logs/mlb_01_schedules_20260909_073538.log  (watch: tail -f logs/mlb_01_schedules_20260909_073538.log)
season 2026: 3001 games -> mlb/schedule/2026.parquet
EXIT=0
offline stage: no proxy / transport needed
log -> logs/mlb_02_games_20260909_073544.log  (watch: tail -f logs/mlb_02_games_20260909_073544.log)
  250/2208 in 36s (6.9 games/s)
  game 824850: FileNotFoundError: [Errno 2] No such file or directory: 'mlb/raw/2026/824850.json.tmp' -> 'mlb/raw/2026/824850.json.gz'
  500/2208 in 69s (7.2 games/s)
  750/2208 in 102s (7.3 games/s)
  game 824518: FileNotFoundError: [Errno 2] No such file or directory: 'mlb/raw/2026/824518.json.tmp' -> 'mlb/raw/2026/824518.json.gz'
  game 824840: FileNotFoundError: [Errno 2] No such file or directory: 'mlb/raw/2026/824840.json.tmp' -> 'mlb/raw/2026/824840.json.gz'
offline stage: no proxy / transport needed
log -> logs/mlb_01_schedules_20260909_080020.log  (watch: tail -f logs/mlb_01_schedules_20260909_080020.log)
season 2026: 3001 games -> mlb/schedule/2026.parquet
EXIT=0
offline stage: no proxy / transport needed
log -> logs/mlb_02_games_20260909_080021.log  (watch: tail -f logs/mlb_02_games_20260909_080021.log)
  250/1277 in 64s (3.9 games/s)
  500/1277 in 97s (5.2 games/s)
  750/1277 in 130s (5.7 games/s)
  1000/1277 in 163s (6.1 games/s)
  1250/1277 in 195s (6.4 games/s)
capture season 2026: {'captured': 1277, 'skipped': 904, 'failed': 0, 'elapsed_s': 198.0}
EXIT=0
offline stage: no proxy / transport needed
log -> logs/mlb_03_parse_20260909_080340.log  (watch: tail -f logs/mlb_03_parse_20260909_080340.log)
parse season 2026: {'games': 2181, 'plays': 165456, 'pitches': 641413, 'unparsed': 0}
EXIT=0
