offline stage: no proxy / transport needed
log -> logs/mlb_01_schedules_20260909_082718.log  (watch: tail -f logs/mlb_01_schedules_20260909_082718.log)
season 2022: 2804 games -> mlb/schedule/2022.parquet
EXIT=0
offline stage: no proxy / transport needed
log -> logs/mlb_02_games_20260909_082723.log  (watch: tail -f logs/mlb_02_games_20260909_082723.log)
  250/2470 in 34s (7.4 games/s)
  500/2470 in 65s (7.7 games/s)
  750/2470 in 96s (7.8 games/s)
  1000/2470 in 127s (7.8 games/s)
  1250/2470 in 160s (7.8 games/s)
  1500/2470 in 192s (7.8 games/s)
  1750/2470 in 225s (7.8 games/s)
  2000/2470 in 257s (7.8 games/s)
  2250/2470 in 290s (7.8 games/s)
capture season 2022: {'captured': 2470, 'skipped': 0, 'failed': 0, 'elapsed_s': 320.0}
EXIT=0
offline stage: no proxy / transport needed
log -> logs/mlb_03_parse_20260909_083244.log  (watch: tail -f logs/mlb_03_parse_20260909_083244.log)
parse season 2022: {'games': 2470, 'plays': 185470, 'pitches': 720272, 'unparsed': 0}
EXIT=0
