offline stage: no proxy / transport needed
log -> logs/mlb_01_schedules_20260909_081956.log  (watch: tail -f logs/mlb_01_schedules_20260909_081956.log)
season 2023: 3009 games -> mlb/schedule/2023.parquet
EXIT=0
offline stage: no proxy / transport needed
log -> logs/mlb_02_games_20260909_082000.log  (watch: tail -f logs/mlb_02_games_20260909_082000.log)
  250/2471 in 36s (6.9 games/s)
  500/2471 in 70s (7.2 games/s)
  750/2471 in 103s (7.3 games/s)
  1000/2471 in 138s (7.3 games/s)
  1250/2471 in 172s (7.3 games/s)
  1500/2471 in 205s (7.3 games/s)
  1750/2471 in 238s (7.4 games/s)
  2000/2471 in 272s (7.4 games/s)
  2250/2471 in 306s (7.3 games/s)
capture season 2023: {'captured': 2471, 'skipped': 0, 'failed': 0, 'elapsed_s': 336.3}
EXIT=0
offline stage: no proxy / transport needed
log -> logs/mlb_03_parse_20260909_082538.log  (watch: tail -f logs/mlb_03_parse_20260909_082538.log)
parse season 2023: {'games': 2471, 'plays': 187599, 'pitches': 729774, 'unparsed': 0}
EXIT=0
