offline stage: no proxy / transport needed
log -> logs/mlb_01_schedules_20260909_101506.log  (watch: tail -f logs/mlb_01_schedules_20260909_101506.log)
season 2006: 3008 games -> mlb/schedule/2006.parquet
EXIT=0
offline stage: no proxy / transport needed
log -> logs/mlb_02_games_20260909_101511.log  (watch: tail -f logs/mlb_02_games_20260909_101511.log)
  250/2460 in 30s (8.4 games/s)
  500/2460 in 57s (8.7 games/s)
  750/2460 in 82s (9.1 games/s)
  1000/2460 in 107s (9.3 games/s)
  1250/2460 in 134s (9.3 games/s)
  1500/2460 in 160s (9.4 games/s)
  1750/2460 in 189s (9.3 games/s)
  2000/2460 in 215s (9.3 games/s)
  2250/2460 in 240s (9.4 games/s)
capture season 2006: {'captured': 2460, 'skipped': 0, 'failed': 0, 'elapsed_s': 263.2}
EXIT=0
offline stage: no proxy / transport needed
log -> logs/mlb_03_parse_20260909_101935.log  (watch: tail -f logs/mlb_03_parse_20260909_101935.log)
parse season 2006: {'games': 2460, 'plays': 190728, 'pitches': 716080, 'unparsed': 0}
EXIT=0
