offline stage: no proxy / transport needed
log -> logs/mlb_01_schedules_20260909_102028.log  (watch: tail -f logs/mlb_01_schedules_20260909_102028.log)
season 2005: 2489 games -> mlb/schedule/2005.parquet
EXIT=0
offline stage: no proxy / transport needed
log -> logs/mlb_02_games_20260909_102032.log  (watch: tail -f logs/mlb_02_games_20260909_102032.log)
  250/2461 in 28s (8.8 games/s)
  500/2461 in 58s (8.6 games/s)
  750/2461 in 86s (8.7 games/s)
  1000/2461 in 110s (9.1 games/s)
  1250/2461 in 140s (8.9 games/s)
  1500/2461 in 169s (8.9 games/s)
  1750/2461 in 196s (8.9 games/s)
  2000/2461 in 227s (8.8 games/s)
  2250/2461 in 254s (8.9 games/s)
capture season 2005: {'captured': 2461, 'skipped': 0, 'failed': 0, 'elapsed_s': 278.5}
EXIT=0
offline stage: no proxy / transport needed
log -> logs/mlb_03_parse_20260909_102511.log  (watch: tail -f logs/mlb_03_parse_20260909_102511.log)
parse season 2005: {'games': 2461, 'plays': 189042, 'pitches': 705014, 'unparsed': 0}
EXIT=0
