offline stage: no proxy / transport needed
log -> logs/mlb_01_schedules_20260909_095519.log  (watch: tail -f logs/mlb_01_schedules_20260909_095519.log)
season 2009: 3073 games -> mlb/schedule/2009.parquet
EXIT=0
offline stage: no proxy / transport needed
log -> logs/mlb_02_games_20260909_095523.log  (watch: tail -f logs/mlb_02_games_20260909_095523.log)
  250/2461 in 40s (6.2 games/s)
  500/2461 in 77s (6.5 games/s)
  750/2461 in 111s (6.7 games/s)
  1000/2461 in 150s (6.6 games/s)
  1250/2461 in 182s (6.9 games/s)
  1500/2461 in 213s (7.0 games/s)
  1750/2461 in 249s (7.0 games/s)
  2000/2461 in 281s (7.1 games/s)
  2250/2461 in 325s (6.9 games/s)
capture season 2009: {'captured': 2461, 'skipped': 0, 'failed': 0, 'elapsed_s': 362.6}
EXIT=0
offline stage: no proxy / transport needed
log -> logs/mlb_03_parse_20260909_100126.log  (watch: tail -f logs/mlb_03_parse_20260909_100126.log)
parse season 2009: {'games': 2461, 'plays': 189872, 'pitches': 726129, 'unparsed': 0}
EXIT=0
