offline stage: no proxy / transport needed
log -> logs/mlb_01_schedules_20260909_100933.log  (watch: tail -f logs/mlb_01_schedules_20260909_100933.log)
season 2007: 2998 games -> mlb/schedule/2007.parquet
EXIT=0
offline stage: no proxy / transport needed
log -> logs/mlb_02_games_20260909_100938.log  (watch: tail -f logs/mlb_02_games_20260909_100938.log)
  250/2459 in 29s (8.5 games/s)
  500/2459 in 57s (8.8 games/s)
  750/2459 in 84s (8.9 games/s)
  1000/2459 in 110s (9.1 games/s)
  1250/2459 in 138s (9.0 games/s)
  1500/2459 in 166s (9.1 games/s)
  1750/2459 in 192s (9.1 games/s)
  2000/2459 in 219s (9.1 games/s)
  2250/2459 in 246s (9.1 games/s)
capture season 2007: {'captured': 2459, 'skipped': 0, 'failed': 0, 'elapsed_s': 270.0}
EXIT=0
offline stage: no proxy / transport needed
log -> logs/mlb_03_parse_20260909_101408.log  (watch: tail -f logs/mlb_03_parse_20260909_101408.log)
parse season 2007: {'games': 2459, 'plays': 191185, 'pitches': 720488, 'unparsed': 0}
EXIT=0
